/mnt/drive/Code/stm32/stm32-display/Display_Driver/Code/ST7789_Manager/Src/st7789_manager.c:23:6:ST7789_Init	8	static
/mnt/drive/Code/stm32/stm32-display/Display_Driver/Code/ST7789_Manager/Src/st7789_manager.c:91:6:ST7789_Select	8	static
/mnt/drive/Code/stm32/stm32-display/Display_Driver/Code/ST7789_Manager/Src/st7789_manager.c:96:6:ST7789_Unselect	8	static
/mnt/drive/Code/stm32/stm32-display/Display_Driver/Code/ST7789_Manager/Src/st7789_manager.c:101:6:ST7789_SetCommandMode	8	static
/mnt/drive/Code/stm32/stm32-display/Display_Driver/Code/ST7789_Manager/Src/st7789_manager.c:106:6:ST7789_SetDataMode	8	static
/mnt/drive/Code/stm32/stm32-display/Display_Driver/Code/ST7789_Manager/Src/st7789_manager.c:111:6:ST7789_WriteCommand	16	static
/mnt/drive/Code/stm32/stm32-display/Display_Driver/Code/ST7789_Manager/Src/st7789_manager.c:120:6:ST7789_WriteData_Byte	16	static
/mnt/drive/Code/stm32/stm32-display/Display_Driver/Code/ST7789_Manager/Src/st7789_manager.c:130:6:ST7789_Reset	8	static
/mnt/drive/Code/stm32/stm32-display/Display_Driver/Code/ST7789_Manager/Src/st7789_manager.c:146:16:ST7789_FrameRateToRegister	16	static
/mnt/drive/Code/stm32/stm32-display/Display_Driver/Code/ST7789_Manager/Src/st7789_manager.c:160:6:ST7789_SetFrameRate	16	static
/mnt/drive/Code/stm32/stm32-display/Display_Driver/Code/ST7789_Manager/Src/st7789_manager.c:171:16:ST7789_ColorModeToRegister	16	static
/mnt/drive/Code/stm32/stm32-display/Display_Driver/Code/ST7789_Manager/Src/st7789_manager.c:188:16:ST7789_OrientationToRegister	16	static
/mnt/drive/Code/stm32/stm32-display/Display_Driver/Code/ST7789_Manager/Src/st7789_manager.c:209:6:ST7789_SetWindow	32	static
/mnt/drive/Code/stm32/stm32-display/Display_Driver/Code/ST7789_Manager/Src/st7789_manager.c:234:6:ST7789_ApplyConfiguration	8	static
/mnt/drive/Code/stm32/stm32-display/Display_Driver/Code/ST7789_Manager/Src/st7789_manager.c:242:6:ST7789_SetOrientation	16	static
/mnt/drive/Code/stm32/stm32-display/Display_Driver/Code/ST7789_Manager/Src/st7789_manager.c:250:6:ST7789_StartWrite	8	static
/mnt/drive/Code/stm32/stm32-display/Display_Driver/Code/ST7789_Manager/Src/st7789_manager.c:254:6:ST7789_SetColorMode	16	static
/mnt/drive/Code/stm32/stm32-display/Display_Driver/Code/ST7789_Manager/Src/st7789_manager.c:264:6:ST7789_Update	8	static
/mnt/drive/Code/stm32/stm32-display/Display_Driver/Code/ST7789_Manager/Src/st7789_manager.c:269:6:ST7789_UpdateWindow	32	static
/mnt/drive/Code/stm32/stm32-display/Display_Driver/Code/ST7789_Manager/Src/st7789_manager.c:307:6:ST7789_DMACompleteCallback	8	static
