Archive member included to satisfy reference by file (symbol)

/usr/lib/gcc/arm-none-eabi/16.1.0/thumb/v7e-m+fp/hard/libgcc.a(_aeabi_uldivmod.o)
                              cmake/stm32cubemx/CMakeFiles/STM32_Drivers.dir/__/__/Drivers/STM32F4xx_HAL_Driver/Src/stm32f4xx_hal_rcc.c.obj (__aeabi_uldivmod)
/usr/lib/gcc/arm-none-eabi/16.1.0/thumb/v7e-m+fp/hard/libgcc.a(_udivmoddi4.o)
                              /usr/lib/gcc/arm-none-eabi/16.1.0/thumb/v7e-m+fp/hard/libgcc.a(_aeabi_uldivmod.o) (__udivmoddi4)
/usr/lib/gcc/arm-none-eabi/16.1.0/thumb/v7e-m+fp/hard/libgcc.a(_dvmd_tls.o)
                              /usr/lib/gcc/arm-none-eabi/16.1.0/thumb/v7e-m+fp/hard/libgcc.a(_aeabi_uldivmod.o) (__aeabi_ldiv0)
/usr/lib/gcc/arm-none-eabi/16.1.0/../../../../arm-none-eabi/lib/thumb/v7e-m+fp/hard/libg_nano.a(libc_a-atexit.o)
                              /usr/lib/gcc/arm-none-eabi/16.1.0/../../../../arm-none-eabi/lib/thumb/v7e-m+fp/hard/crt0.o (atexit)
/usr/lib/gcc/arm-none-eabi/16.1.0/../../../../arm-none-eabi/lib/thumb/v7e-m+fp/hard/libg_nano.a(libc_a-exit.o)
                              /usr/lib/gcc/arm-none-eabi/16.1.0/../../../../arm-none-eabi/lib/thumb/v7e-m+fp/hard/crt0.o (exit)
/usr/lib/gcc/arm-none-eabi/16.1.0/../../../../arm-none-eabi/lib/thumb/v7e-m+fp/hard/libg_nano.a(libc_a-findfp.o)
                              /usr/lib/gcc/arm-none-eabi/16.1.0/../../../../arm-none-eabi/lib/thumb/v7e-m+fp/hard/libg_nano.a(libc_a-exit.o) (__stdio_exit_handler)
/usr/lib/gcc/arm-none-eabi/16.1.0/../../../../arm-none-eabi/lib/thumb/v7e-m+fp/hard/libg_nano.a(libc_a-fwalk.o)
                              /usr/lib/gcc/arm-none-eabi/16.1.0/../../../../arm-none-eabi/lib/thumb/v7e-m+fp/hard/libg_nano.a(libc_a-findfp.o) (_fwalk_sglue)
/usr/lib/gcc/arm-none-eabi/16.1.0/../../../../arm-none-eabi/lib/thumb/v7e-m+fp/hard/libg_nano.a(libc_a-stdio.o)
                              /usr/lib/gcc/arm-none-eabi/16.1.0/../../../../arm-none-eabi/lib/thumb/v7e-m+fp/hard/libg_nano.a(libc_a-findfp.o) (__sread)
/usr/lib/gcc/arm-none-eabi/16.1.0/../../../../arm-none-eabi/lib/thumb/v7e-m+fp/hard/libg_nano.a(libc_a-memset.o)
                              /usr/lib/gcc/arm-none-eabi/16.1.0/../../../../arm-none-eabi/lib/thumb/v7e-m+fp/hard/crt0.o (memset)
/usr/lib/gcc/arm-none-eabi/16.1.0/../../../../arm-none-eabi/lib/thumb/v7e-m+fp/hard/libg_nano.a(libc_a-closer.o)
                              /usr/lib/gcc/arm-none-eabi/16.1.0/../../../../arm-none-eabi/lib/thumb/v7e-m+fp/hard/libg_nano.a(libc_a-stdio.o) (_close_r)
/usr/lib/gcc/arm-none-eabi/16.1.0/../../../../arm-none-eabi/lib/thumb/v7e-m+fp/hard/libg_nano.a(libc_a-reent.o)
                              /usr/lib/gcc/arm-none-eabi/16.1.0/../../../../arm-none-eabi/lib/thumb/v7e-m+fp/hard/libg_nano.a(libc_a-closer.o) (errno)
/usr/lib/gcc/arm-none-eabi/16.1.0/../../../../arm-none-eabi/lib/thumb/v7e-m+fp/hard/libg_nano.a(libc_a-impure.o)
                              /usr/lib/gcc/arm-none-eabi/16.1.0/../../../../arm-none-eabi/lib/thumb/v7e-m+fp/hard/libg_nano.a(libc_a-reent.o) (_impure_ptr)
/usr/lib/gcc/arm-none-eabi/16.1.0/../../../../arm-none-eabi/lib/thumb/v7e-m+fp/hard/libg_nano.a(libc_a-lseekr.o)
                              /usr/lib/gcc/arm-none-eabi/16.1.0/../../../../arm-none-eabi/lib/thumb/v7e-m+fp/hard/libg_nano.a(libc_a-stdio.o) (_lseek_r)
/usr/lib/gcc/arm-none-eabi/16.1.0/../../../../arm-none-eabi/lib/thumb/v7e-m+fp/hard/libg_nano.a(libc_a-readr.o)
                              /usr/lib/gcc/arm-none-eabi/16.1.0/../../../../arm-none-eabi/lib/thumb/v7e-m+fp/hard/libg_nano.a(libc_a-stdio.o) (_read_r)
/usr/lib/gcc/arm-none-eabi/16.1.0/../../../../arm-none-eabi/lib/thumb/v7e-m+fp/hard/libg_nano.a(libc_a-writer.o)
                              /usr/lib/gcc/arm-none-eabi/16.1.0/../../../../arm-none-eabi/lib/thumb/v7e-m+fp/hard/libg_nano.a(libc_a-stdio.o) (_write_r)
/usr/lib/gcc/arm-none-eabi/16.1.0/../../../../arm-none-eabi/lib/thumb/v7e-m+fp/hard/libg_nano.a(libc_a-errno.o)
                              CMakeFiles/Display_Driver.dir/Core/Src/sysmem.c.obj (__errno)
/usr/lib/gcc/arm-none-eabi/16.1.0/../../../../arm-none-eabi/lib/thumb/v7e-m+fp/hard/libg_nano.a(libc_a-init.o)
                              /usr/lib/gcc/arm-none-eabi/16.1.0/../../../../arm-none-eabi/lib/thumb/v7e-m+fp/hard/crt0.o (__libc_init_array)
/usr/lib/gcc/arm-none-eabi/16.1.0/../../../../arm-none-eabi/lib/thumb/v7e-m+fp/hard/libg_nano.a(libc_a-fini.o)
                              /usr/lib/gcc/arm-none-eabi/16.1.0/../../../../arm-none-eabi/lib/thumb/v7e-m+fp/hard/crt0.o (__libc_fini_array)
/usr/lib/gcc/arm-none-eabi/16.1.0/../../../../arm-none-eabi/lib/thumb/v7e-m+fp/hard/libg_nano.a(libc_a-lock.o)
                              /usr/lib/gcc/arm-none-eabi/16.1.0/../../../../arm-none-eabi/lib/thumb/v7e-m+fp/hard/libg_nano.a(libc_a-findfp.o) (__retarget_lock_init_recursive)
/usr/lib/gcc/arm-none-eabi/16.1.0/../../../../arm-none-eabi/lib/thumb/v7e-m+fp/hard/libg_nano.a(libc_a-__atexit.o)
[...]
Memory Configuration

Name             Origin             Length             Attributes
RAM              0x20000000         0x00020000         xrw
CCMRAM           0x10000000         0x00010000         xrw
FLASH            0x08000000         0x00080000         xr
*default*        0x00000000         0xffffffff

Linker script and memory map

LOAD /usr/lib/gcc/arm-none-eabi/16.1.0/thumb/v7e-m+fp/hard/crti.o
LOAD /usr/lib/gcc/arm-none-eabi/16.1.0/thumb/v7e-m+fp/hard/crtbegin.o
LOAD /usr/lib/gcc/arm-none-eabi/16.1.0/../../../../arm-none-eabi/lib/thumb/v7e-m+fp/hard/crt0.o
LOAD cmake/stm32cubemx/CMakeFiles/STM32_Drivers.dir/__/__/Core/Src/system_stm32f4xx.c.obj
LOAD cmake/stm32cubemx/CMakeFiles/STM32_Drivers.dir/__/__/Drivers/STM32F4xx_HAL_Driver/Src/stm32f4xx_hal_spi.c.obj
LOAD cmake/stm32cubemx/CMakeFiles/STM32_Drivers.dir/__/__/Drivers/STM32F4xx_HAL_Driver/Src/stm32f4xx_hal_rcc.c.obj
LOAD cmake/stm32cubemx/CMakeFiles/STM32_Drivers.dir/__/__/Drivers/STM32F4xx_HAL_Driver/Src/stm32f4xx_hal_rcc_ex.c.obj
LOAD cmake/stm32cubemx/CMakeFiles/STM32_Drivers.dir/__/__/Drivers/STM32F4xx_HAL_Driver/Src/stm32f4xx_hal_flash.c.obj
LOAD cmake/stm32cubemx/CMakeFiles/STM32_Drivers.dir/__/__/Drivers/STM32F4xx_HAL_Driver/Src/stm32f4xx_hal_flash_ex.c.obj
LOAD cmake/stm32cubemx/CMakeFiles/STM32_Drivers.dir/__/__/Drivers/STM32F4xx_HAL_Driver/Src/stm32f4xx_hal_flash_ramfunc.c.obj
LOAD cmake/stm32cubemx/CMakeFiles/STM32_Drivers.dir/__/__/Drivers/STM32F4xx_HAL_Driver/Src/stm32f4xx_hal_gpio.c.obj
LOAD cmake/stm32cubemx/CMakeFiles/STM32_Drivers.dir/__/__/Drivers/STM32F4xx_HAL_Driver/Src/stm32f4xx_hal_dma_ex.c.obj
LOAD cmake/stm32cubemx/CMakeFiles/STM32_Drivers.dir/__/__/Drivers/STM32F4xx_HAL_Driver/Src/stm32f4xx_hal_dma.c.obj
LOAD cmake/stm32cubemx/CMakeFiles/STM32_Drivers.dir/__/__/Drivers/STM32F4xx_HAL_Driver/Src/stm32f4xx_hal_pwr.c.obj
LOAD cmake/stm32cubemx/CMakeFiles/STM32_Drivers.dir/__/__/Drivers/STM32F4xx_HAL_Driver/Src/stm32f4xx_hal_pwr_ex.c.obj
LOAD cmake/stm32cubemx/CMakeFiles/STM32_Drivers.dir/__/__/Drivers/STM32F4xx_HAL_Driver/Src/stm32f4xx_hal_cortex.c.obj
LOAD cmake/stm32cubemx/CMakeFiles/STM32_Drivers.dir/__/__/Drivers/STM32F4xx_HAL_Driver/Src/stm32f4xx_hal.c.obj
LOAD cmake/stm32cubemx/CMakeFiles/STM32_Drivers.dir/__/__/Drivers/STM32F4xx_HAL_Driver/Src/stm32f4xx_hal_exti.c.obj
LOAD CMakeFiles/Display_Driver.dir/Core/Src/main.c.obj
LOAD CMakeFiles/Display_Driver.dir/Core/Src/gpio.c.obj
LOAD CMakeFiles/Display_Driver.dir/Core/Src/spi.c.obj
LOAD CMakeFiles/Display_Driver.dir/Core/Src/stm32f4xx_it.c.obj
LOAD CMakeFiles/Display_Driver.dir/Core/Src/stm32f4xx_hal_msp.c.obj
LOAD CMakeFiles/Display_Driver.dir/Core/Src/sysmem.c.obj
LOAD CMakeFiles/Display_Driver.dir/Core/Src/syscalls.c.obj
LOAD CMakeFiles/Display_Driver.dir/startup_stm32f407xx.s.obj
LOAD CMakeFiles/Display_Driver.dir/Code/DMA_Manager/Src/dma_manager.c.obj
LOAD CMakeFiles/Display_Driver.dir/Code/ST7789_Manager/Src/st7789_manager.c.obj
LOAD CMakeFiles/Display_Driver.dir/Code/ST7789_Manager/Src/st7789_demo.c.obj
LOAD CMakeFiles/Display_Driver.dir/Code/SPI1_DMA2_Manager/Src/spi1_dma2_manager.c.obj
LOAD /usr/lib/gcc/arm-none-eabi/16.1.0/../../../../arm-none-eabi/lib/thumb/v7e-m+fp/hard/libm.a
START GROUP
LOAD /usr/lib/gcc/arm-none-eabi/16.1.0/thumb/v7e-m+fp/hard/libgcc.a
LOAD /usr/lib/gcc/arm-none-eabi/16.1.0/../../../../arm-none-eabi/lib/thumb/v7e-m+fp/hard/libg_nano.a
LOAD /usr/lib/gcc/arm-none-eabi/16.1.0/../../../../arm-none-eabi/lib/thumb/v7e-m+fp/hard/libc_nano.a
END GROUP
START GROUP
LOAD /usr/lib/gcc/arm-none-eabi/16.1.0/thumb/v7e-m+fp/hard/libgcc.a
LOAD /usr/lib/gcc/arm-none-eabi/16.1.0/../../../../arm-none-eabi/lib/thumb/v7e-m+fp/hard/libc_nano.a
END GROUP
LOAD /usr/lib/gcc/arm-none-eabi/16.1.0/thumb/v7e-m+fp/hard/crtend.o
LOAD /usr/lib/gcc/arm-none-eabi/16.1.0/thumb/v7e-m+fp/hard/crtn.o
                0x20020000                        _estack = (ORIGIN (RAM) + LENGTH (RAM))
                0x2001fc00                        _sstack = (_estack - _Min_Stack_Size)
                0x00000200                        _Min_Heap_Size = 0x200
                0x00000400                        _Min_Stack_Size = 0x400

.isr_vector     0x08000000      0x188
                0x08000000                        . = ALIGN (0x4)
 *(.isr_vector)
 .isr_vector    0x08000000      0x188 CMakeFiles/Display_Driver.dir/startup_stm32f407xx.s.obj
                0x08000000                g_pfnVectors
                0x08000188                        . = ALIGN (0x4)

.text           0x08000188     0x2938
                0x08000188                        . = ALIGN (0x4)
 *(.text)
 .text          0x08000188       0x30 /usr/lib/gcc/arm-none-eabi/16.1.0/thumb/v7e-m+fp/hard/libgcc.a(_aeabi_uldivmod.o)
                0x08000188                __aeabi_uldivmod
 .text          0x080001b8        0x4 /usr/lib/gcc/arm-none-eabi/16.1.0/thumb/v7e-m+fp/hard/libgcc.a(_dvmd_tls.o)
                0x080001b8                __aeabi_ldiv0
                0x080001b8                __aeabi_idiv0
 *(.text*)
 .text.__do_global_dtors_aux
                0x080001bc       0x24 /usr/lib/gcc/arm-none-eabi/16.1.0/thumb/v7e-m+fp/hard/crtbegin.o
 .text.frame_dummy
                0x080001e0       0x1c /usr/lib/gcc/arm-none-eabi/16.1.0/thumb/v7e-m+fp/hard/crtbegin.o
 .text.SystemInit
                0x080001fc       0x20 cmake/stm32cubemx/CMakeFiles/STM32_Drivers.dir/__/__/Core/Src/system_stm32f4xx.c.obj
                0x080001fc                SystemInit
 .text.HAL_SPI_Init
                0x0800021c      0x110 cmake/stm32cubemx/CMakeFiles/STM32_Drivers.dir/__/__/Drivers/STM32F4xx_HAL_Driver/Src/stm32f4xx_hal_spi.c.obj
                0x0800021c                HAL_SPI_Init
 .text.HAL_SPI_IRQHandler
                0x0800032c      0x1fc cmake/stm32cubemx/CMakeFiles/STM32_Drivers.dir/__/__/Drivers/STM32F4xx_HAL_Driver/Src/stm32f4xx_hal_spi.c.obj
                0x0800032c                HAL_SPI_IRQHandler
 .text.HAL_SPI_ErrorCallback
                0x08000528       0x12 cmake/stm32cubemx/CMakeFiles/STM32_Drivers.dir/__/__/Drivers/STM32F4xx_HAL_Driver/Src/stm32f4xx_hal_spi.c.obj
                0x08000528                HAL_SPI_ErrorCallback
 .text.SPI_DMAAbortOnError
                0x0800053a       0x28 cmake/stm32cubemx/CMakeFiles/STM32_Drivers.dir/__/__/Drivers/STM32F4xx_HAL_Driver/Src/stm32f4xx_hal_spi.c.obj
 *fill*         0x08000562        0x2 
 .text.HAL_RCC_OscConfig
                0x08000564      0x4f0 cmake/stm32cubemx/CMakeFiles/STM32_Drivers.dir/__/__/Drivers/STM32F4xx_HAL_Driver/Src/stm32f4xx_hal_rcc.c.obj
                0x08000564                HAL_RCC_OscConfig
 .text.HAL_RCC_ClockConfig
                0x08000a54      0x1cc cmake/stm32cubemx/CMakeFiles/STM32_Drivers.dir/__/__/Drivers/STM32F4xx_HAL_Driver/Src/stm32f4xx_hal_rcc.c.obj
                0x08000a54                HAL_RCC_ClockConfig
 .text.HAL_RCC_GetSysClockFreq
                0x08000c20      0x188 cmake/stm32cubemx/CMakeFiles/STM32_Drivers.dir/__/__/Drivers/STM32F4xx_HAL_Driver/Src/stm32f4xx_hal_rcc.c.obj
                0x08000c20                HAL_RCC_GetSysClockFreq
 .text.HAL_GPIO_Init
                0x08000da8      0x334 cmake/stm32cubemx/CMakeFiles/STM32_Drivers.dir/__/__/Drivers/STM32F4xx_HAL_Driver/Src/stm32f4xx_hal_gpio.c.obj
                0x08000da8                HAL_GPIO_Init
 .text.HAL_GPIO_WritePin
                0x080010dc       0x30 cmake/stm32cubemx/CMakeFiles/STM32_Drivers.dir/__/__/Drivers/STM32F4xx_HAL_Driver/Src/stm32f4xx_hal_gpio.c.obj
                0x080010dc                HAL_GPIO_WritePin
 .text.HAL_DMA_Abort_IT
                0x0800110c       0x40 cmake/stm32cubemx/CMakeFiles/STM32_Drivers.dir/__/__/Drivers/STM32F4xx_HAL_Driver/Src/stm32f4xx_hal_dma.c.obj
                0x0800110c                HAL_DMA_Abort_IT
 .text.__NVIC_SetPriorityGrouping
                0x0800114c       0x48 cmake/stm32cubemx/CMakeFiles/STM32_Drivers.dir/__/__/Drivers/STM32F4xx_HAL_Driver/Src/stm32f4xx_hal_cortex.c.obj
 .text.__NVIC_GetPriorityGrouping
                0x08001194       0x1c cmake/stm32cubemx/CMakeFiles/STM32_Drivers.dir/__/__/Drivers/STM32F4xx_HAL_Driver/Src/stm32f4xx_hal_cortex.c.obj
 .text.__NVIC_EnableIRQ
                0x080011b0       0x38 cmake/stm32cubemx/CMakeFiles/STM32_Drivers.dir/__/__/Drivers/STM32F4xx_HAL_Driver/Src/stm32f4xx_hal_cortex.c.obj
 .text.__NVIC_SetPriority
                0x080011e8       0x54 cmake/stm32cubemx/CMakeFiles/STM32_Drivers.dir/__/__/Drivers/STM32F4xx_HAL_Driver/Src/stm32f4xx_hal_cortex.c.obj
 .text.NVIC_EncodePriority
                0x0800123c       0x6e cmake/stm32cubemx/CMakeFiles/STM32_Drivers.dir/__/__/Drivers/STM32F4xx_HAL_Driver/Src/stm32f4xx_hal_cortex.c.obj
 *fill*         0x080012aa        0x2 
 .text.SysTick_Config
                0x080012ac       0x44 cmake/stm32cubemx/CMakeFiles/STM32_Drivers.dir/__/__/Drivers/STM32F4xx_HAL_Driver/Src/stm32f4xx_hal_cortex.c.obj
 .text.HAL_NVIC_SetPriorityGrouping
                0x080012f0       0x16 cmake/stm32cubemx/CMakeFiles/STM32_Drivers.dir/__/__/Drivers/STM32F4xx_HAL_Driver/Src/stm32f4xx_hal_cortex.c.obj
                0x080012f0                HAL_NVIC_SetPriorityGrouping
 .text.HAL_NVIC_SetPriority
                0x08001306       0x38 cmake/stm32cubemx/CMakeFiles/STM32_Drivers.dir/__/__/Drivers/STM32F4xx_HAL_Driver/Src/stm32f4xx_hal_cortex.c.obj
                0x08001306                HAL_NVIC_SetPriority
 .text.HAL_NVIC_EnableIRQ
                0x0800133e       0x1c cmake/stm32cubemx/CMakeFiles/STM32_Drivers.dir/__/__/Drivers/STM32F4xx_HAL_Driver/Src/stm32f4xx_hal_cortex.c.obj
                0x0800133e                HAL_NVIC_EnableIRQ
 .text.HAL_SYSTICK_Config
                0x0800135a       0x18 cmake/stm32cubemx/CMakeFiles/STM32_Drivers.dir/__/__/Drivers/STM32F4xx_HAL_Driver/Src/stm32f4xx_hal_cortex.c.obj
                0x0800135a                HAL_SYSTICK_Config
 *fill*         0x08001372        0x2 
 .text.HAL_Init
                0x08001374       0x44 cmake/stm32cubemx/CMakeFiles/STM32_Drivers.dir/__/__/Drivers/STM32F4xx_HAL_Driver/Src/stm32f4xx_hal.c.obj
                0x08001374                HAL_Init
 .text.HAL_InitTick
                0x080013b8       0x60 cmake/stm32cubemx/CMakeFiles/STM32_Drivers.dir/__/__/Drivers/STM32F4xx_HAL_Driver/Src/stm32f4xx_hal.c.obj
                0x080013b8                HAL_InitTick
 .text.HAL_IncTick
                0x08001418       0x24 cmake/stm32cubemx/CMakeFiles/STM32_Drivers.dir/__/__/Drivers/STM32F4xx_HAL_Driver/Src/stm32f4xx_hal.c.obj
                0x08001418                HAL_IncTick
 .text.HAL_GetTick
                0x0800143c       0x14 cmake/stm32cubemx/CMakeFiles/STM32_Drivers.dir/__/__/Drivers/STM32F4xx_HAL_Driver/Src/stm32f4xx_hal.c.obj
                0x0800143c                HAL_GetTick
 .text.HAL_Delay
                0x08001450       0x48 cmake/stm32cubemx/CMakeFiles/STM32_Drivers.dir/__/__/Drivers/STM32F4xx_HAL_Driver/Src/stm32f4xx_hal.c.obj
                0x08001450                HAL_Delay
 .text.__NVIC_EnableIRQ
                0x08001498       0x38 CMakeFiles/Display_Driver.dir/Core/Src/main.c.obj
 .text.main     0x080014d0       0x2e CMakeFiles/Display_Driver.dir/Core/Src/main.c.obj
                0x080014d0                main
 *fill*         0x080014fe        0x2 
 .text.SystemClock_Config
                0x08001500       0xd4 CMakeFiles/Display_Driver.dir/Core/Src/main.c.obj
                0x08001500                SystemClock_Config
 .text.Error_Handler
                0x080015d4        0xc CMakeFiles/Display_Driver.dir/Core/Src/main.c.obj
                0x080015d4                Error_Handler
 .text.MX_GPIO_Init
                0x080015e0       0x64 CMakeFiles/Display_Driver.dir/Core/Src/gpio.c.obj
                0x080015e0                MX_GPIO_Init
 .text.MX_SPI1_Init
                0x08001644       0x6c CMakeFiles/Display_Driver.dir/Core/Src/spi.c.obj
                0x08001644                MX_SPI1_Init
 .text.HAL_SPI_MspInit
                0x080016b0       0xa0 CMakeFiles/Display_Driver.dir/Core/Src/spi.c.obj
                0x080016b0                HAL_SPI_MspInit
 .text.NMI_Handler
                0x08001750        0x8 CMakeFiles/Display_Driver.dir/Core/Src/stm32f4xx_it.c.obj
                0x08001750                NMI_Handler
 .text.HardFault_Handler
                0x08001758        0x8 CMakeFiles/Display_Driver.dir/Core/Src/stm32f4xx_it.c.obj
                0x08001758                HardFault_Handler
 .text.MemManage_Handler
                0x08001760        0x8 CMakeFiles/Display_Driver.dir/Core/Src/stm32f4xx_it.c.obj
                0x08001760                MemManage_Handler
 .text.BusFault_Handler
                0x08001768        0x8 CMakeFiles/Display_Driver.dir/Core/Src/stm32f4xx_it.c.obj
                0x08001768                BusFault_Handler
 .text.UsageFault_Handler
                0x08001770        0x8 CMakeFiles/Display_Driver.dir/Core/Src/stm32f4xx_it.c.obj
                0x08001770                UsageFault_Handler
 .text.SVC_Handler
                0x08001778        0xc CMakeFiles/Display_Driver.dir/Core/Src/stm32f4xx_it.c.obj
                0x08001778                SVC_Handler
 .text.DebugMon_Handler
                0x08001784        0xc CMakeFiles/Display_Driver.dir/Core/Src/stm32f4xx_it.c.obj
                0x08001784                DebugMon_Handler
 .text.PendSV_Handler
                0x08001790        0xc CMakeFiles/Display_Driver.dir/Core/Src/stm32f4xx_it.c.obj
                0x08001790                PendSV_Handler
 .text.SysTick_Handler
                0x0800179c        0xc CMakeFiles/Display_Driver.dir/Core/Src/stm32f4xx_it.c.obj
                0x0800179c                SysTick_Handler
 .text.SPI1_IRQHandler
                0x080017a8       0x14 CMakeFiles/Display_Driver.dir/Core/Src/stm32f4xx_it.c.obj
                0x080017a8                SPI1_IRQHandler
 .text.HAL_MspInit
                0x080017bc       0x4c CMakeFiles/Display_Driver.dir/Core/Src/stm32f4xx_hal_msp.c.obj
                0x080017bc                HAL_MspInit
 .text.Reset_Handler
                0x08001808       0x50 CMakeFiles/Display_Driver.dir/startup_stm32f407xx.s.obj
                0x08001808                Reset_Handler
 .text.Default_Handler
                0x08001858        0x2 CMakeFiles/Display_Driver.dir/startup_stm32f407xx.s.obj
                0x08001858                RTC_Alarm_IRQHandler
                0x08001858                HASH_RNG_IRQHandler
                0x08001858                EXTI2_IRQHandler
                0x08001858                TIM8_CC_IRQHandler
                0x08001858                TIM1_CC_IRQHandler
                0x08001858                DMA2_Stream5_IRQHandler
                0x08001858                DMA1_Stream5_IRQHandler
                0x08001858                PVD_IRQHandler
                0x08001858                SDIO_IRQHandler
                0x08001858                TAMP_STAMP_IRQHandler
                0x08001858                CAN2_RX1_IRQHandler
                0x08001858                EXTI3_IRQHandler
                0x08001858                TIM8_TRG_COM_TIM14_IRQHandler
                0x08001858                TIM1_UP_TIM10_IRQHandler
                0x08001858                TIM8_UP_TIM13_IRQHandler
                0x08001858                I2C3_ER_IRQHandler
                0x08001858                EXTI0_IRQHandler
                0x08001858                I2C2_EV_IRQHandler
                0x08001858                DMA1_Stream2_IRQHandler
                0x08001858                CAN1_RX0_IRQHandler
                0x08001858                FPU_IRQHandler
                0x08001858                OTG_HS_WKUP_IRQHandler
                0x08001858                CAN2_SCE_IRQHandler
                0x08001858                DMA2_Stream2_IRQHandler
                0x08001858                TIM6_DAC_IRQHandler
                0x08001858                TIM1_BRK_TIM9_IRQHandler
                0x08001858                DCMI_IRQHandler
                0x08001858                CAN2_RX0_IRQHandler
                0x08001858                USART6_IRQHandler
                0x08001858                USART3_IRQHandler
                0x08001858                CAN1_RX1_IRQHandler
                0x08001858                UART5_IRQHandler
                0x08001858                DMA2_Stream0_IRQHandler
                0x08001858                TIM4_IRQHandler
                0x08001858                I2C1_EV_IRQHandler
                0x08001858                DMA1_Stream6_IRQHandler
                0x08001858                DMA1_Stream1_IRQHandler
                0x08001858                UART4_IRQHandler
                0x08001858                TIM3_IRQHandler
                0x08001858                RCC_IRQHandler
                0x08001858                TIM8_BRK_TIM12_IRQHandler
                0x08001858                Default_Handler
                0x08001858                EXTI15_10_IRQHandler
                0x08001858                ADC_IRQHandler
                0x08001858                DMA1_Stream7_IRQHandler
                0x08001858                TIM7_IRQHandler
                0x08001858                CAN2_TX_IRQHandler
                0x08001858                TIM5_IRQHandler
                0x08001858                DMA2_Stream7_IRQHandler
                0x08001858                I2C3_EV_IRQHandler
                0x08001858                EXTI9_5_IRQHandler
                0x08001858                RTC_WKUP_IRQHandler
                0x08001858                ETH_WKUP_IRQHandler
                0x08001858                SPI2_IRQHandler
                0x08001858                OTG_HS_EP1_IN_IRQHandler
                0x08001858                DMA1_Stream0_IRQHandler
                0x08001858                CAN1_TX_IRQHandler
                0x08001858                EXTI4_IRQHandler
                0x08001858                FSMC_IRQHandler
                0x08001858                ETH_IRQHandler
                0x08001858                OTG_HS_EP1_OUT_IRQHandler
                0x08001858                WWDG_IRQHandler
                0x08001858                TIM2_IRQHandler
                0x08001858                OTG_FS_WKUP_IRQHandler
                0x08001858                TIM1_TRG_COM_TIM11_IRQHandler
                0x08001858                OTG_HS_IRQHandler
                0x08001858                EXTI1_IRQHandler
                0x08001858                USART2_IRQHandler
                0x08001858                I2C2_ER_IRQHandler
                0x08001858                DMA2_Stream1_IRQHandler
                0x08001858                CAN1_SCE_IRQHandler
                0x08001858                FLASH_IRQHandler
                0x08001858                DMA2_Stream4_IRQHandler
                0x08001858                USART1_IRQHandler
                0x08001858                OTG_FS_IRQHandler
                0x08001858                SPI3_IRQHandler
                0x08001858                DMA1_Stream4_IRQHandler
                0x08001858                I2C1_ER_IRQHandler
                0x08001858                DMA2_Stream6_IRQHandler
                0x08001858                DMA1_Stream3_IRQHandler
 *fill*         0x0800185a        0x2 
 .text.Enable_SPI1_DMA2
                0x0800185c       0x54 CMakeFiles/Display_Driver.dir/Code/DMA_Manager/Src/dma_manager.c.obj
                0x0800185c                Enable_SPI1_DMA2
 .text.Init_SPI1_DMA2
                0x080018b0      0x134 CMakeFiles/Display_Driver.dir/Code/DMA_Manager/Src/dma_manager.c.obj
                0x080018b0                Init_SPI1_DMA2
 .text.DMA_SPI1_GetCurrentTarget
                0x080019e4       0x24 CMakeFiles/Display_Driver.dir/Code/DMA_Manager/Src/dma_manager.c.obj
                0x080019e4                DMA_SPI1_GetCurrentTarget
 .text.DMA_SPI1_GetWritableTarget
                0x08001a08       0x14 CMakeFiles/Display_Driver.dir/Code/DMA_Manager/Src/dma_manager.c.obj
                0x08001a08                DMA_SPI1_GetWritableTarget
 .text.DMA_SPI1_WriteBufferToWritableBuffer
                0x08001a1c       0x90 CMakeFiles/Display_Driver.dir/Code/DMA_Manager/Src/dma_manager.c.obj
                0x08001a1c                DMA_SPI1_WriteBufferToWritableBuffer
 .text.DMA_SPI1_DisableStream
                0x08001aac       0x2c CMakeFiles/Display_Driver.dir/Code/DMA_Manager/Src/dma_manager.c.obj
                0x08001aac                DMA_SPI1_DisableStream
 .text.DMA_SPI1_SetTransferCount
                0x08001ad8       0x40 CMakeFiles/Display_Driver.dir/Code/DMA_Manager/Src/dma_manager.c.obj
                0x08001ad8                DMA_SPI1_SetTransferCount
 .text.DMA_SPI1_Start
                0x08001b18       0x54 CMakeFiles/Display_Driver.dir/Code/DMA_Manager/Src/dma_manager.c.obj
                0x08001b18                DMA_SPI1_Start
 .text.DMA_SPI1_IsBusy
                0x08001b6c       0x24 CMakeFiles/Display_Driver.dir/Code/DMA_Manager/Src/dma_manager.c.obj
                0x08001b6c                DMA_SPI1_IsBusy
 .text.DMA_SPI1_Write16ToBuffer
                0x08001b90       0x6c CMakeFiles/Display_Driver.dir/Code/DMA_Manager/Src/dma_manager.c.obj
                0x08001b90                DMA_SPI1_Write16ToBuffer
 .text.DMA2_Stream3_IRQHandler
                0x08001bfc       0x30 CMakeFiles/Display_Driver.dir/Code/DMA_Manager/Src/dma_manager.c.obj
                0x08001bfc                DMA2_Stream3_IRQHandler
 .text.ST7789_Init
                0x08001c2c      0x178 CMakeFiles/Display_Driver.dir/Code/ST7789_Manager/Src/st7789_manager.c.obj
                0x08001c2c                ST7789_Init
 .text.ST7789_Select
                0x08001da4       0x18 CMakeFiles/Display_Driver.dir/Code/ST7789_Manager/Src/st7789_manager.c.obj
                0x08001da4                ST7789_Select
 .text.ST7789_Unselect
                0x08001dbc       0x18 CMakeFiles/Display_Driver.dir/Code/ST7789_Manager/Src/st7789_manager.c.obj
                0x08001dbc                ST7789_Unselect
 .text.ST7789_SetCommandMode
                0x08001dd4       0x18 CMakeFiles/Display_Driver.dir/Code/ST7789_Manager/Src/st7789_manager.c.obj
                0x08001dd4                ST7789_SetCommandMode
 .text.ST7789_SetDataMode
                0x08001dec       0x18 CMakeFiles/Display_Driver.dir/Code/ST7789_Manager/Src/st7789_manager.c.obj
                0x08001dec                ST7789_SetDataMode
 .text.ST7789_WriteCommand
                0x08001e04       0x2a CMakeFiles/Display_Driver.dir/Code/ST7789_Manager/Src/st7789_manager.c.obj
                0x08001e04                ST7789_WriteCommand
 .text.ST7789_WriteData_Byte
                0x08001e2e       0x2a CMakeFiles/Display_Driver.dir/Code/ST7789_Manager/Src/st7789_manager.c.obj
                0x08001e2e                ST7789_WriteData_Byte
 .text.ST7789_Reset
                0x08001e58       0x3c CMakeFiles/Display_Driver.dir/Code/ST7789_Manager/Src/st7789_manager.c.obj
                0x08001e58                ST7789_Reset
 .text.ST7789_FrameRateToRegister
                0x08001e94       0x4e CMakeFiles/Display_Driver.dir/Code/ST7789_Manager/Src/st7789_manager.c.obj
 *fill*         0x08001ee2        0x2 
 .text.ST7789_SetFrameRate
                0x08001ee4       0x34 CMakeFiles/Display_Driver.dir/Code/ST7789_Manager/Src/st7789_manager.c.obj
                0x08001ee4                ST7789_SetFrameRate
 .text.ST7789_ColorModeToRegister
                0x08001f18       0x36 CMakeFiles/Display_Driver.dir/Code/ST7789_Manager/Src/st7789_manager.c.obj
 .text.ST7789_OrientationToRegister
                0x08001f4e       0x42 CMakeFiles/Display_Driver.dir/Code/ST7789_Manager/Src/st7789_manager.c.obj
 .text.ST7789_SetWindow
                0x08001f90       0xc4 CMakeFiles/Display_Driver.dir/Code/ST7789_Manager/Src/st7789_manager.c.obj
                0x08001f90                ST7789_SetWindow
 .text.ST7789_ApplyConfiguration
                0x08002054       0x2c CMakeFiles/Display_Driver.dir/Code/ST7789_Manager/Src/st7789_manager.c.obj
                0x08002054                ST7789_ApplyConfiguration
 .text.ST7789_SetOrientation
                0x08002080       0x34 CMakeFiles/Display_Driver.dir/Code/ST7789_Manager/Src/st7789_manager.c.obj
                0x08002080                ST7789_SetOrientation
 .text.ST7789_StartWrite
                0x080020b4        0xe CMakeFiles/Display_Driver.dir/Code/ST7789_Manager/Src/st7789_manager.c.obj
                0x080020b4                ST7789_StartWrite
 *fill*         0x080020c2        0x2 
 .text.ST7789_SetColorMode
                0x080020c4       0x34 CMakeFiles/Display_Driver.dir/Code/ST7789_Manager/Src/st7789_manager.c.obj
                0x080020c4                ST7789_SetColorMode
 .text.ST7789_UpdateWindow
                0x080020f8       0xac CMakeFiles/Display_Driver.dir/Code/ST7789_Manager/Src/st7789_manager.c.obj
                0x080020f8                ST7789_UpdateWindow
 .text.ST7789_DMACompleteCallback
                0x080021a4       0x10 CMakeFiles/Display_Driver.dir/Code/ST7789_Manager/Src/st7789_manager.c.obj
                0x080021a4                ST7789_DMACompleteCallback
 .text.DemoShowWindow
                0x080021b4      0x100 CMakeFiles/Display_Driver.dir/Code/ST7789_Manager/Src/st7789_demo.c.obj
 .text.DemoFillScreen
                0x080022b4       0x90 CMakeFiles/Display_Driver.dir/Code/ST7789_Manager/Src/st7789_demo.c.obj
 .text.ST7789_DemoShowWindowSequence
                0x08002344      0x104 CMakeFiles/Display_Driver.dir/Code/ST7789_Manager/Src/st7789_demo.c.obj
                0x08002344                ST7789_DemoShowWindowSequence
 .text.DemoCreateMovingWindow
                0x08002448       0xa0 CMakeFiles/Display_Driver.dir/Code/ST7789_Manager/Src/st7789_demo.c.obj
 .text.DemoShowBufferWindow
                0x080024e8       0xec CMakeFiles/Display_Driver.dir/Code/ST7789_Manager/Src/st7789_demo.c.obj
 .text.ST7789_DemoMovingBox
                0x080025d4       0xdc CMakeFiles/Display_Driver.dir/Code/ST7789_Manager/Src/st7789_demo.c.obj
                0x080025d4                ST7789_DemoMovingBox
 .text.SPI1_WaitDone
                0x080026b0       0x30 CMakeFiles/Display_Driver.dir/Code/SPI1_DMA2_Manager/Src/spi1_dma2_manager.c.obj
                0x080026b0                SPI1_WaitDone
 .text.SPI1_Enable
                0x080026e0       0x3c CMakeFiles/Display_Driver.dir/Code/SPI1_DMA2_Manager/Src/spi1_dma2_manager.c.obj
                0x080026e0                SPI1_Enable
 .text.SPI1_Set16Bit
                0x0800271c       0x24 CMakeFiles/Display_Driver.dir/Code/SPI1_DMA2_Manager/Src/spi1_dma2_manager.c.obj
                0x0800271c                SPI1_Set16Bit
 .text.SPI1_Set8Bit
                0x08002740       0x24 CMakeFiles/Display_Driver.dir/Code/SPI1_DMA2_Manager/Src/spi1_dma2_manager.c.obj
                0x08002740                SPI1_Set8Bit
 .text.SPI1_Write8bit
                0x08002764       0x34 CMakeFiles/Display_Driver.dir/Code/SPI1_DMA2_Manager/Src/spi1_dma2_manager.c.obj
                0x08002764                SPI1_Write8bit
 .text.__udivmoddi4
                0x08002798      0x2b8 /usr/lib/gcc/arm-none-eabi/16.1.0/thumb/v7e-m+fp/hard/libgcc.a(_udivmoddi4.o)
                0x08002798                __udivmoddi4
 .text.memset   0x08002a50       0x10 /usr/lib/gcc/arm-none-eabi/16.1.0/../../../../arm-none-eabi/lib/thumb/v7e-m+fp/hard/libg_nano.a(libc_a-memset.o)
                0x08002a50                memset
 .text.__libc_init_array
                0x08002a60       0x48 /usr/lib/gcc/arm-none-eabi/16.1.0/../../../../arm-none-eabi/lib/thumb/v7e-m+fp/hard/libg_nano.a(libc_a-init.o)
                0x08002a60                __libc_init_array
 *(.glue_7)
 .glue_7        0x08002aa8        0x0 linker stubs
 *(.glue_7t)
 .glue_7t       0x08002aa8        0x0 linker stubs
 *(.eh_frame)
 .eh_frame      0x08002aa8        0x0 /usr/lib/gcc/arm-none-eabi/16.1.0/thumb/v7e-m+fp/hard/crtbegin.o
 *(.init)
 .init          0x08002aa8        0x4 /usr/lib/gcc/arm-none-eabi/16.1.0/thumb/v7e-m+fp/hard/crti.o
                0x08002aa8                _init
 .init          0x08002aac        0x8 /usr/lib/gcc/arm-none-eabi/16.1.0/thumb/v7e-m+fp/hard/crtn.o
 *(.fini)
 .fini          0x08002ab4        0x4 /usr/lib/gcc/arm-none-eabi/16.1.0/thumb/v7e-m+fp/hard/crti.o
                0x08002ab4                _fini
 .fini          0x08002ab8        0x8 /usr/lib/gcc/arm-none-eabi/16.1.0/thumb/v7e-m+fp/hard/crtn.o
                0x08002ac0                        . = ALIGN (0x4)
                0x08002ac0                        _etext = .

.vfp11_veneer   0x08002ac0        0x0
 .vfp11_veneer  0x08002ac0        0x0 linker stubs

.v4_bx          0x08002ac0        0x0
 .v4_bx         0x08002ac0        0x0 linker stubs

.iplt           0x08002ac0        0x0
 .iplt          0x08002ac0        0x0 /usr/lib/gcc/arm-none-eabi/16.1.0/thumb/v7e-m+fp/hard/crtbegin.o

.rodata         0x08002ac0       0x10
                0x08002ac0                        . = ALIGN (0x4)
 *(.rodata)
 *(.rodata*)
 .rodata.AHBPrescTable
                0x08002ac0       0x10 cmake/stm32cubemx/CMakeFiles/STM32_Drivers.dir/__/__/Core/Src/system_stm32f4xx.c.obj
                0x08002ac0                AHBPrescTable
                0x08002ad0                        . = ALIGN (0x4)

.ARM.extab      0x08002ad0        0x0
                0x08002ad0                        . = ALIGN (0x4)
 *(.ARM.extab* .gnu.linkonce.armextab.*)
                0x08002ad0                        . = ALIGN (0x4)

.ARM            0x08002ad0        0x8
                0x08002ad0                        . = ALIGN (0x4)
                0x08002ad0                        __exidx_start = .
 *(.ARM.exidx*)
 .ARM.exidx.text.__udivmoddi4
                0x08002ad0        0x8 /usr/lib/gcc/arm-none-eabi/16.1.0/thumb/v7e-m+fp/hard/libgcc.a(_udivmoddi4.o)
                0x08002ad8                        __exidx_end = .
                0x08002ad8                        . = ALIGN (0x4)

.preinit_array  0x08002ad8        0x0
                0x08002ad8                        . = ALIGN (0x4)
                0x08002ad8                        PROVIDE (__preinit_array_start = .)
 *(.preinit_array*)
                0x08002ad8                        PROVIDE (__preinit_array_end = .)
                0x08002ad8                        . = ALIGN (0x4)

.init_array     0x08002ad8        0x4
                0x08002ad8                        . = ALIGN (0x4)
                0x08002ad8                        PROVIDE (__init_array_start = .)
 *(SORT_BY_NAME(.init_array.*))
 *(.init_array*)
 .init_array    0x08002ad8        0x4 /usr/lib/gcc/arm-none-eabi/16.1.0/thumb/v7e-m+fp/hard/crtbegin.o
                0x08002adc                        PROVIDE (__init_array_end = .)
                0x08002adc                        . = ALIGN (0x4)

.fini_array     0x08002adc        0x4
                0x08002adc                        . = ALIGN (0x4)
                0x08002adc                        PROVIDE (__fini_array_start = .)
 *(SORT_BY_NAME(.fini_array.*))
 *(.fini_array*)
 .fini_array    0x08002adc        0x4 /usr/lib/gcc/arm-none-eabi/16.1.0/thumb/v7e-m+fp/hard/crtbegin.o
                0x08002ae0                        PROVIDE (__fini_array_end = .)
                0x08002ae0                        . = ALIGN (0x4)
                0x08002ae0                        _siccmram = LOADADDR (.ccmram)

.rel.dyn        0x08002ae0        0x0
 .rel.iplt      0x08002ae0        0x0 /usr/lib/gcc/arm-none-eabi/16.1.0/thumb/v7e-m+fp/hard/crtbegin.o

.ccmram         0x10000000        0x0 load address 0x08002ae0
                0x10000000                        . = ALIGN (0x4)
                0x10000000                        _sccmram = .
 *(.ccmram)
 *(.ccmram*)
                0x10000000                        . = ALIGN (0x4)
                0x10000000                        _eccmram = .
                0x08002ae0                        _sidata = LOADADDR (.data)

.data           0x20000000       0x18 load address 0x08002ae0
                0x20000000                        . = ALIGN (0x4)
                0x20000000                        _sdata = .
 *(.data)
 *(.data*)
 .data.SystemCoreClock
                0x20000000        0x4 cmake/stm32cubemx/CMakeFiles/STM32_Drivers.dir/__/__/Core/Src/system_stm32f4xx.c.obj
                0x20000000                SystemCoreClock
 .data.uwTickPrio
                0x20000004        0x4 cmake/stm32cubemx/CMakeFiles/STM32_Drivers.dir/__/__/Drivers/STM32F4xx_HAL_Driver/Src/stm32f4xx_hal.c.obj
                0x20000004                uwTickPrio
 .data.uwTickFreq
                0x20000008        0x1 cmake/stm32cubemx/CMakeFiles/STM32_Drivers.dir/__/__/Drivers/STM32F4xx_HAL_Driver/Src/stm32f4xx_hal.c.obj
                0x20000008                uwTickFreq
 *fill*         0x20000009        0x3 
 .data.st7789   0x2000000c        0xc CMakeFiles/Display_Driver.dir/Code/ST7789_Manager/Src/st7789_manager.c.obj
                0x2000000c                st7789
 *(.RamFunc)
 *(.RamFunc*)
                0x20000018                        . = ALIGN (0x4)

.igot.plt       0x20000018        0x0 load address 0x08002af8
 .igot.plt      0x20000018        0x0 /usr/lib/gcc/arm-none-eabi/16.1.0/thumb/v7e-m+fp/hard/crtbegin.o

.tdata          0x20000018        0x0 load address 0x08002af8
 *(.tdata .tdata.* .gnu.linkonce.td.*)
                0x20000018                        . = ALIGN (0x4)
                0x20000018                        _edata = .
                [!provide]                        PROVIDE (__data_end = .)
                [!provide]                        PROVIDE (__tdata_end = .)
                [!provide]                        PROVIDE (__tdata_start = ADDR (.tdata))
                [!provide]                        PROVIDE (__tdata_size = (__tdata_end - __tdata_start))
                [!provide]                        PROVIDE (__data_start = ADDR (.data))
                [!provide]                        PROVIDE (__data_size = (__data_end - __data_start))
                [!provide]                        PROVIDE (__tdata_source = LOADADDR (.tdata))
                [!provide]                        PROVIDE (__tdata_source_end = (LOADADDR (.tdata) + SIZEOF (.tdata)))
                [!provide]                        PROVIDE (__tdata_source_size = (__tdata_source_end - __tdata_source))
                [!provide]                        PROVIDE (__data_source = LOADADDR (.data))
                [!provide]                        PROVIDE (__data_source_end = __tdata_source_end)
                [!provide]                        PROVIDE (__data_source_size = (__data_source_end - __data_source))

.tbss           0x20000018        0x0 load address 0x08002af8
                0x20000018                        _sbss = .
                0x20000018                        __bss_start__ = _sbss
 *(.tbss .tbss.*)
                0x20000018                        . = ALIGN (0x4)
                [!provide]                        PROVIDE (__tbss_end = .)
                [!provide]                        PROVIDE (__tbss_start = ADDR (.tbss))
                [!provide]                        PROVIDE (__tbss_size = (__tbss_end - __tbss_start))
                [!provide]                        PROVIDE (__tbss_offset = (ADDR (.tbss) - ADDR (.tdata)))
                [!provide]                        PROVIDE (__tls_base = __tdata_start)
                [!provide]                        PROVIDE (__tls_end = __tbss_end)
                [!provide]                        PROVIDE (__tls_size = (__tls_end - __tls_base))
                [!provide]                        PROVIDE (__tls_align = MAX (ALIGNOF (.tdata), ALIGNOF (.tbss)))
                [!provide]                        PROVIDE (__tls_size_align = (((__tls_size + __tls_align) - 0x1) & ~ ((__tls_align - 0x1))))
                [!provide]                        PROVIDE (__arm32_tls_tcb_offset = MAX (0x8, __tls_align))
                [!provide]                        PROVIDE (__arm64_tls_tcb_offset = MAX (0x10, __tls_align))

.bss            0x20000018    0x1edbc load address 0x08002af8
 *(.bss)
 *(.bss*)
 .bss.completed.1
                0x20000018        0x1 /usr/lib/gcc/arm-none-eabi/16.1.0/thumb/v7e-m+fp/hard/crtbegin.o
 *fill*         0x20000019        0x3 
 .bss.object.0  0x2000001c       0x18 /usr/lib/gcc/arm-none-eabi/16.1.0/thumb/v7e-m+fp/hard/crtbegin.o
 .bss.uwTick    0x20000034        0x4 cmake/stm32cubemx/CMakeFiles/STM32_Drivers.dir/__/__/Drivers/STM32F4xx_HAL_Driver/Src/stm32f4xx_hal.c.obj
                0x20000034                uwTick
 .bss.hspi1     0x20000038       0x58 CMakeFiles/Display_Driver.dir/Core/Src/spi.c.obj
                0x20000038                hspi1
 .bss.dma_buffers
                0x20000090    0x1d4c0 CMakeFiles/Display_Driver.dir/Code/DMA_Manager/Src/dma_manager.c.obj
 .bss.dma_manager
                0x2001d550        0x4 CMakeFiles/Display_Driver.dir/Code/DMA_Manager/Src/dma_manager.c.obj
                0x2001d550                dma_manager
 .bss.moving_window
                0x2001d554     0x1880 CMakeFiles/Display_Driver.dir/Code/ST7789_Manager/Src/st7789_demo.c.obj
 *(COMMON)
                0x2001edd4                        . = ALIGN (0x4)
                0x2001edd4                        _ebss = .
                0x2001edd4                        __bss_end__ = _ebss
                [!provide]                        PROVIDE (__bss_end = .)
                [!provide]                        PROVIDE (__non_tls_bss_start = ADDR (.bss))
                [!provide]                        PROVIDE (__bss_start = __tbss_start)
                [!provide]                        PROVIDE (__bss_size = (__bss_end - __bss_start))

._user_heap_stack
                0x2001edd4      0x604 load address 0x08002af8
                0x2001edd8                        . = ALIGN (0x8)
 *fill*         0x2001edd4        0x4 
                [!provide]                        PROVIDE (end = .)
                0x2001edd8                        PROVIDE (_end = .)
                0x2001efd8                        . = (. + _Min_Heap_Size)
 *fill*         0x2001edd8      0x200 
                0x2001f3d8                        . = (. + _Min_Stack_Size)
 *fill*         0x2001efd8      0x400 
                0x2001f3d8                        . = ALIGN (0x8)

/DISCARD/
 libc.a:*(*)
 libm.a:*(*)
 libgcc.a:*(*)
OUTPUT(Display_Driver.elf elf32-littlearm)
LOAD linker stubs

.ARM.attributes
                0x00000000       0x30
 .ARM.attributes
                0x00000000       0x22 /usr/lib/gcc/arm-none-eabi/16.1.0/thumb/v7e-m+fp/hard/crti.o
 .ARM.attributes
                0x00000022       0x34 /usr/lib/gcc/arm-none-eabi/16.1.0/thumb/v7e-m+fp/hard/crtbegin.o
 .ARM.attributes
                0x00000056       0x34 cmake/stm32cubemx/CMakeFiles/STM32_Drivers.dir/__/__/Core/Src/system_stm32f4xx.c.obj
 .ARM.attributes
                0x0000008a       0x34 cmake/stm32cubemx/CMakeFiles/STM32_Drivers.dir/__/__/Drivers/STM32F4xx_HAL_Driver/Src/stm32f4xx_hal_spi.c.obj
 .ARM.attributes
                0x000000be       0x34 cmake/stm32cubemx/CMakeFiles/STM32_Drivers.dir/__/__/Drivers/STM32F4xx_HAL_Driver/Src/stm32f4xx_hal_rcc.c.obj
 .ARM.attributes
                0x000000f2       0x34 cmake/stm32cubemx/CMakeFiles/STM32_Drivers.dir/__/__/Drivers/STM32F4xx_HAL_Driver/Src/stm32f4xx_hal_gpio.c.obj
 .ARM.attributes
                0x00000126       0x34 cmake/stm32cubemx/CMakeFiles/STM32_Drivers.dir/__/__/Drivers/STM32F4xx_HAL_Driver/Src/stm32f4xx_hal_dma.c.obj
 .ARM.attributes
                0x0000015a       0x34 cmake/stm32cubemx/CMakeFiles/STM32_Drivers.dir/__/__/Drivers/STM32F4xx_HAL_Driver/Src/stm32f4xx_hal_cortex.c.obj
 .ARM.attributes
                0x0000018e       0x34 cmake/stm32cubemx/CMakeFiles/STM32_Drivers.dir/__/__/Drivers/STM32F4xx_HAL_Driver/Src/stm32f4xx_hal.c.obj
 .ARM.attributes
                0x000001c2       0x34 CMakeFiles/Display_Driver.dir/Core/Src/main.c.obj
 .ARM.attributes
                0x000001f6       0x34 CMakeFiles/Display_Driver.dir/Core/Src/gpio.c.obj
 .ARM.attributes
                0x0000022a       0x34 CMakeFiles/Display_Driver.dir/Core/Src/spi.c.obj
 .ARM.attributes
                0x0000025e       0x34 CMakeFiles/Display_Driver.dir/Core/Src/stm32f4xx_it.c.obj
 .ARM.attributes
                0x00000292       0x34 CMakeFiles/Display_Driver.dir/Core/Src/stm32f4xx_hal_msp.c.obj
 .ARM.attributes
                0x000002c6       0x21 CMakeFiles/Display_Driver.dir/startup_stm32f407xx.s.obj
 .ARM.attributes
                0x000002e7       0x34 CMakeFiles/Display_Driver.dir/Code/DMA_Manager/Src/dma_manager.c.obj
 .ARM.attributes
                0x0000031b       0x34 CMakeFiles/Display_Driver.dir/Code/ST7789_Manager/Src/st7789_manager.c.obj
 .ARM.attributes
                0x0000034f       0x34 CMakeFiles/Display_Driver.dir/Code/ST7789_Manager/Src/st7789_demo.c.obj
 .ARM.attributes
                0x00000383       0x34 CMakeFiles/Display_Driver.dir/Code/SPI1_DMA2_Manager/Src/spi1_dma2_manager.c.obj
 .ARM.attributes
                0x000003b7       0x22 /usr/lib/gcc/arm-none-eabi/16.1.0/thumb/v7e-m+fp/hard/libgcc.a(_aeabi_uldivmod.o)
 .ARM.attributes
                0x000003d9       0x34 /usr/lib/gcc/arm-none-eabi/16.1.0/thumb/v7e-m+fp/hard/libgcc.a(_udivmoddi4.o)
 .ARM.attributes
                0x0000040d       0x22 /usr/lib/gcc/arm-none-eabi/16.1.0/thumb/v7e-m+fp/hard/libgcc.a(_dvmd_tls.o)
 .ARM.attributes
                0x0000042f       0x34 /usr/lib/gcc/arm-none-eabi/16.1.0/../../../../arm-none-eabi/lib/thumb/v7e-m+fp/hard/libg_nano.a(libc_a-memset.o)
 .ARM.attributes
                0x00000463       0x34 /usr/lib/gcc/arm-none-eabi/16.1.0/../../../../arm-none-eabi/lib/thumb/v7e-m+fp/hard/libg_nano.a(libc_a-init.o)
 .ARM.attributes
                0x00000497       0x22 /usr/lib/gcc/arm-none-eabi/16.1.0/thumb/v7e-m+fp/hard/crtn.o

.comment        0x00000000       0x1e
 .comment       0x00000000       0x1e cmake/stm32cubemx/CMakeFiles/STM32_Drivers.dir/__/__/Core/Src/system_stm32f4xx.c.obj
                                 0x1f (size before relaxing)
 .comment       0x0000001e        0x0 cmake/stm32cubemx/CMakeFiles/STM32_Drivers.dir/__/__/Drivers/STM32F4xx_HAL_Driver/Src/stm32f4xx_hal_spi.c.obj
                                 0x1f (size before relaxing)
 .comment       0x0000001e        0x0 cmake/stm32cubemx/CMakeFiles/STM32_Drivers.dir/__/__/Drivers/STM32F4xx_HAL_Driver/Src/stm32f4xx_hal_rcc.c.obj
                                 0x1f (size before relaxing)
 .comment       0x0000001e        0x0 cmake/stm32cubemx/CMakeFiles/STM32_Drivers.dir/__/__/Drivers/STM32F4xx_HAL_Driver/Src/stm32f4xx_hal_gpio.c.obj
                                 0x1f (size before relaxing)
 .comment       0x0000001e        0x0 cmake/stm32cubemx/CMakeFiles/STM32_Drivers.dir/__/__/Drivers/STM32F4xx_HAL_Driver/Src/stm32f4xx_hal_dma.c.obj
                                 0x1f (size before relaxing)
 .comment       0x0000001e        0x0 cmake/stm32cubemx/CMakeFiles/STM32_Drivers.dir/__/__/Drivers/STM32F4xx_HAL_Driver/Src/stm32f4xx_hal_cortex.c.obj
                                 0x1f (size before relaxing)
 .comment       0x0000001e        0x0 cmake/stm32cubemx/CMakeFiles/STM32_Drivers.dir/__/__/Drivers/STM32F4xx_HAL_Driver/Src/stm32f4xx_hal.c.obj
                                 0x1f (size before relaxing)
 .comment       0x0000001e        0x0 CMakeFiles/Display_Driver.dir/Core/Src/main.c.obj
                                 0x1f (size before relaxing)
 .comment       0x0000001e        0x0 CMakeFiles/Display_Driver.dir/Core/Src/gpio.c.obj
                                 0x1f (size before relaxing)
 .comment       0x0000001e        0x0 CMakeFiles/Display_Driver.dir/Core/Src/spi.c.obj
                                 0x1f (size before relaxing)
 .comment       0x0000001e        0x0 CMakeFiles/Display_Driver.dir/Core/Src/stm32f4xx_it.c.obj
                                 0x1f (size before relaxing)
 .comment       0x0000001e        0x0 CMakeFiles/Display_Driver.dir/Core/Src/stm32f4xx_hal_msp.c.obj
                                 0x1f (size before relaxing)
 .comment       0x0000001e        0x0 CMakeFiles/Display_Driver.dir/Code/DMA_Manager/Src/dma_manager.c.obj
                                 0x1f (size before relaxing)
 .comment       0x0000001e        0x0 CMakeFiles/Display_Driver.dir/Code/ST7789_Manager/Src/st7789_manager.c.obj
                                 0x1f (size before relaxing)
 .comment       0x0000001e        0x0 CMakeFiles/Display_Driver.dir/Code/ST7789_Manager/Src/st7789_demo.c.obj
                                 0x1f (size before relaxing)
 .comment       0x0000001e        0x0 CMakeFiles/Display_Driver.dir/Code/SPI1_DMA2_Manager/Src/spi1_dma2_manager.c.obj
                                 0x1f (size before relaxing)
 .comment       0x0000001e        0x0 /usr/lib/gcc/arm-none-eabi/16.1.0/thumb/v7e-m+fp/hard/libgcc.a(_udivmoddi4.o)
                                 0x1f (size before relaxing)
 .comment       0x0000001e        0x0 /usr/lib/gcc/arm-none-eabi/16.1.0/../../../../arm-none-eabi/lib/thumb/v7e-m+fp/hard/libg_nano.a(libc_a-memset.o)
                                 0x1f (size before relaxing)
 .comment       0x0000001e        0x0 /usr/lib/gcc/arm-none-eabi/16.1.0/../../../../arm-none-eabi/lib/thumb/v7e-m+fp/hard/libg_nano.a(libc_a-init.o)
                                 0x1f (size before relaxing)

.debug_info     0x00000000     0x8840
 .debug_info    0x00000000      0x512 cmake/stm32cubemx/CMakeFiles/STM32_Drivers.dir/__/__/Core/Src/system_stm32f4xx.c.obj
 .debug_info    0x00000512     0x1525 cmake/stm32cubemx/CMakeFiles/STM32_Drivers.dir/__/__/Drivers/STM32F4xx_HAL_Driver/Src/stm32f4xx_hal_spi.c.obj
 .debug_info    0x00001a37      0x8c3 cmake/stm32cubemx/CMakeFiles/STM32_Drivers.dir/__/__/Drivers/STM32F4xx_HAL_Driver/Src/stm32f4xx_hal_rcc.c.obj
 .debug_info    0x000022fa      0x6c3 cmake/stm32cubemx/CMakeFiles/STM32_Drivers.dir/__/__/Drivers/STM32F4xx_HAL_Driver/Src/stm32f4xx_hal_gpio.c.obj
 .debug_info    0x000029bd      0x8e7 cmake/stm32cubemx/CMakeFiles/STM32_Drivers.dir/__/__/Drivers/STM32F4xx_HAL_Driver/Src/stm32f4xx_hal_dma.c.obj
 .debug_info    0x000032a4      0xd8c cmake/stm32cubemx/CMakeFiles/STM32_Drivers.dir/__/__/Drivers/STM32F4xx_HAL_Driver/Src/stm32f4xx_hal_cortex.c.obj
 .debug_info    0x00004030      0x944 cmake/stm32cubemx/CMakeFiles/STM32_Drivers.dir/__/__/Drivers/STM32F4xx_HAL_Driver/Src/stm32f4xx_hal.c.obj
 .debug_info    0x00004974      0x8a6 CMakeFiles/Display_Driver.dir/Core/Src/main.c.obj
 .debug_info    0x0000521a      0x3b5 CMakeFiles/Display_Driver.dir/Core/Src/gpio.c.obj
 .debug_info    0x000055cf      0xbbd CMakeFiles/Display_Driver.dir/Core/Src/spi.c.obj
 .debug_info    0x0000618c      0x66b CMakeFiles/Display_Driver.dir/Core/Src/stm32f4xx_it.c.obj
 .debug_info    0x000067f7      0x269 CMakeFiles/Display_Driver.dir/Core/Src/stm32f4xx_hal_msp.c.obj
 .debug_info    0x00006a60       0x30 CMakeFiles/Display_Driver.dir/startup_stm32f407xx.s.obj
 .debug_info    0x00006a90      0x59f CMakeFiles/Display_Driver.dir/Code/DMA_Manager/Src/dma_manager.c.obj
 .debug_info    0x0000702f      0x5c1 CMakeFiles/Display_Driver.dir/Code/ST7789_Manager/Src/st7789_manager.c.obj
 .debug_info    0x000075f0      0x5c1 CMakeFiles/Display_Driver.dir/Code/ST7789_Manager/Src/st7789_demo.c.obj
 .debug_info    0x00007bb1      0x33e CMakeFiles/Display_Driver.dir/Code/SPI1_DMA2_Manager/Src/spi1_dma2_manager.c.obj
 .debug_info    0x00007eef       0x24 /usr/lib/gcc/arm-none-eabi/16.1.0/thumb/v7e-m+fp/hard/libgcc.a(_aeabi_uldivmod.o)
 .debug_info    0x00007f13      0x6fc /usr/lib/gcc/arm-none-eabi/16.1.0/thumb/v7e-m+fp/hard/libgcc.a(_udivmoddi4.o)
 .debug_info    0x0000860f       0x3c /usr/lib/gcc/arm-none-eabi/16.1.0/thumb/v7e-m+fp/hard/libgcc.a(_dvmd_tls.o)
 .debug_info    0x0000864b       0xe5 /usr/lib/gcc/arm-none-eabi/16.1.0/../../../../arm-none-eabi/lib/thumb/v7e-m+fp/hard/libg_nano.a(libc_a-memset.o)
 .debug_info    0x00008730      0x110 /usr/lib/gcc/arm-none-eabi/16.1.0/../../../../arm-none-eabi/lib/thumb/v7e-m+fp/hard/libg_nano.a(libc_a-init.o)

.debug_abbrev   0x00000000     0x2261
 .debug_abbrev  0x00000000      0x11a cmake/stm32cubemx/CMakeFiles/STM32_Drivers.dir/__/__/Core/Src/system_stm32f4xx.c.obj
 .debug_abbrev  0x0000011a      0x27a cmake/stm32cubemx/CMakeFiles/STM32_Drivers.dir/__/__/Drivers/STM32F4xx_HAL_Driver/Src/stm32f4xx_hal_spi.c.obj
 .debug_abbrev  0x00000394      0x2b7 cmake/stm32cubemx/CMakeFiles/STM32_Drivers.dir/__/__/Drivers/STM32F4xx_HAL_Driver/Src/stm32f4xx_hal_rcc.c.obj
 .debug_abbrev  0x0000064b      0x1d4 cmake/stm32cubemx/CMakeFiles/STM32_Drivers.dir/__/__/Drivers/STM32F4xx_HAL_Driver/Src/stm32f4xx_hal_gpio.c.obj
 .debug_abbrev  0x0000081f      0x264 cmake/stm32cubemx/CMakeFiles/STM32_Drivers.dir/__/__/Drivers/STM32F4xx_HAL_Driver/Src/stm32f4xx_hal_dma.c.obj
 .debug_abbrev  0x00000a83      0x31d cmake/stm32cubemx/CMakeFiles/STM32_Drivers.dir/__/__/Drivers/STM32F4xx_HAL_Driver/Src/stm32f4xx_hal_cortex.c.obj
 .debug_abbrev  0x00000da0      0x214 cmake/stm32cubemx/CMakeFiles/STM32_Drivers.dir/__/__/Drivers/STM32F4xx_HAL_Driver/Src/stm32f4xx_hal.c.obj
 .debug_abbrev  0x00000fb4      0x24b CMakeFiles/Display_Driver.dir/Core/Src/main.c.obj
 .debug_abbrev  0x000011ff      0x147 CMakeFiles/Display_Driver.dir/Core/Src/gpio.c.obj
 .debug_abbrev  0x00001346      0x219 CMakeFiles/Display_Driver.dir/Core/Src/spi.c.obj
 .debug_abbrev  0x0000155f      0x186 CMakeFiles/Display_Driver.dir/Core/Src/stm32f4xx_it.c.obj
 .debug_abbrev  0x000016e5       0xd8 CMakeFiles/Display_Driver.dir/Core/Src/stm32f4xx_hal_msp.c.obj
 .debug_abbrev  0x000017bd       0x24 CMakeFiles/Display_Driver.dir/startup_stm32f407xx.s.obj
 .debug_abbrev  0x000017e1      0x20b CMakeFiles/Display_Driver.dir/Code/DMA_Manager/Src/dma_manager.c.obj
 .debug_abbrev  0x000019ec      0x277 CMakeFiles/Display_Driver.dir/Code/ST7789_Manager/Src/st7789_manager.c.obj
 .debug_abbrev  0x00001c63      0x1e2 CMakeFiles/Display_Driver.dir/Code/ST7789_Manager/Src/st7789_demo.c.obj
 .debug_abbrev  0x00001e45       0xff CMakeFiles/Display_Driver.dir/Code/SPI1_DMA2_Manager/Src/spi1_dma2_manager.c.obj
 .debug_abbrev  0x00001f44       0x14 /usr/lib/gcc/arm-none-eabi/16.1.0/thumb/v7e-m+fp/hard/libgcc.a(_aeabi_uldivmod.o)
 .debug_abbrev  0x00001f58      0x170 /usr/lib/gcc/arm-none-eabi/16.1.0/thumb/v7e-m+fp/hard/libgcc.a(_udivmoddi4.o)
 .debug_abbrev  0x000020c8       0x26 /usr/lib/gcc/arm-none-eabi/16.1.0/thumb/v7e-m+fp/hard/libgcc.a(_dvmd_tls.o)
 .debug_abbrev  0x000020ee       0xa4 /usr/lib/gcc/arm-none-eabi/16.1.0/../../../../arm-none-eabi/lib/thumb/v7e-m+fp/hard/libg_nano.a(libc_a-memset.o)
 .debug_abbrev  0x00002192       0xcf /usr/lib/gcc/arm-none-eabi/16.1.0/../../../../arm-none-eabi/lib/thumb/v7e-m+fp/hard/libg_nano.a(libc_a-init.o)

.debug_aranges  0x00000000      0x928
 .debug_aranges
                0x00000000       0x28 cmake/stm32cubemx/CMakeFiles/STM32_Drivers.dir/__/__/Core/Src/system_stm32f4xx.c.obj
 .debug_aranges
                0x00000028      0x1d0 cmake/stm32cubemx/CMakeFiles/STM32_Drivers.dir/__/__/Drivers/STM32F4xx_HAL_Driver/Src/stm32f4xx_hal_spi.c.obj
 .debug_aranges
                0x000001f8       0x88 cmake/stm32cubemx/CMakeFiles/STM32_Drivers.dir/__/__/Drivers/STM32F4xx_HAL_Driver/Src/stm32f4xx_hal_rcc.c.obj
 .debug_aranges
                0x00000280       0x58 cmake/stm32cubemx/CMakeFiles/STM32_Drivers.dir/__/__/Drivers/STM32F4xx_HAL_Driver/Src/stm32f4xx_hal_gpio.c.obj
 .debug_aranges
                0x000002d8       0x90 cmake/stm32cubemx/CMakeFiles/STM32_Drivers.dir/__/__/Drivers/STM32F4xx_HAL_Driver/Src/stm32f4xx_hal_dma.c.obj
 .debug_aranges
                0x00000368      0x130 cmake/stm32cubemx/CMakeFiles/STM32_Drivers.dir/__/__/Drivers/STM32F4xx_HAL_Driver/Src/stm32f4xx_hal_cortex.c.obj
 .debug_aranges
                0x00000498       0xf0 cmake/stm32cubemx/CMakeFiles/STM32_Drivers.dir/__/__/Drivers/STM32F4xx_HAL_Driver/Src/stm32f4xx_hal.c.obj
 .debug_aranges
                0x00000588       0x38 CMakeFiles/Display_Driver.dir/Core/Src/main.c.obj
 .debug_aranges
                0x000005c0       0x20 CMakeFiles/Display_Driver.dir/Core/Src/gpio.c.obj
 .debug_aranges
                0x000005e0       0x30 CMakeFiles/Display_Driver.dir/Core/Src/spi.c.obj
 .debug_aranges
                0x00000610       0x68 CMakeFiles/Display_Driver.dir/Core/Src/stm32f4xx_it.c.obj
 .debug_aranges
                0x00000678       0x20 CMakeFiles/Display_Driver.dir/Core/Src/stm32f4xx_hal_msp.c.obj
 .debug_aranges
                0x00000698       0x28 CMakeFiles/Display_Driver.dir/startup_stm32f407xx.s.obj
 .debug_aranges
                0x000006c0       0x80 CMakeFiles/Display_Driver.dir/Code/DMA_Manager/Src/dma_manager.c.obj
 .debug_aranges
                0x00000740       0xb8 CMakeFiles/Display_Driver.dir/Code/ST7789_Manager/Src/st7789_manager.c.obj
 .debug_aranges
                0x000007f8       0x48 CMakeFiles/Display_Driver.dir/Code/ST7789_Manager/Src/st7789_demo.c.obj
 .debug_aranges
                0x00000840       0x48 CMakeFiles/Display_Driver.dir/Code/SPI1_DMA2_Manager/Src/spi1_dma2_manager.c.obj
 .debug_aranges
                0x00000888       0x20 /usr/lib/gcc/arm-none-eabi/16.1.0/thumb/v7e-m+fp/hard/libgcc.a(_aeabi_uldivmod.o)
 .debug_aranges
                0x000008a8       0x20 /usr/lib/gcc/arm-none-eabi/16.1.0/thumb/v7e-m+fp/hard/libgcc.a(_udivmoddi4.o)
 .debug_aranges
                0x000008c8       0x20 /usr/lib/gcc/arm-none-eabi/16.1.0/thumb/v7e-m+fp/hard/libgcc.a(_dvmd_tls.o)
 .debug_aranges
                0x000008e8       0x20 /usr/lib/gcc/arm-none-eabi/16.1.0/../../../../arm-none-eabi/lib/thumb/v7e-m+fp/hard/libg_nano.a(libc_a-memset.o)
 .debug_aranges
                0x00000908       0x20 /usr/lib/gcc/arm-none-eabi/16.1.0/../../../../arm-none-eabi/lib/thumb/v7e-m+fp/hard/libg_nano.a(libc_a-init.o)

.debug_rnglists
                0x00000000      0x6db
 .debug_rnglists
                0x00000000       0x1a cmake/stm32cubemx/CMakeFiles/STM32_Drivers.dir/__/__/Core/Src/system_stm32f4xx.c.obj
 .debug_rnglists
                0x0000001a      0x16f cmake/stm32cubemx/CMakeFiles/STM32_Drivers.dir/__/__/Drivers/STM32F4xx_HAL_Driver/Src/stm32f4xx_hal_spi.c.obj
 .debug_rnglists
                0x00000189       0x66 cmake/stm32cubemx/CMakeFiles/STM32_Drivers.dir/__/__/Drivers/STM32F4xx_HAL_Driver/Src/stm32f4xx_hal_rcc.c.obj
 .debug_rnglists
                0x000001ef       0x3f cmake/stm32cubemx/CMakeFiles/STM32_Drivers.dir/__/__/Drivers/STM32F4xx_HAL_Driver/Src/stm32f4xx_hal_gpio.c.obj
 .debug_rnglists
                0x0000022e       0x70 cmake/stm32cubemx/CMakeFiles/STM32_Drivers.dir/__/__/Drivers/STM32F4xx_HAL_Driver/Src/stm32f4xx_hal_dma.c.obj
 .debug_rnglists
                0x0000029e       0xdf cmake/stm32cubemx/CMakeFiles/STM32_Drivers.dir/__/__/Drivers/STM32F4xx_HAL_Driver/Src/stm32f4xx_hal_cortex.c.obj
 .debug_rnglists
                0x0000037d       0xaf cmake/stm32cubemx/CMakeFiles/STM32_Drivers.dir/__/__/Drivers/STM32F4xx_HAL_Driver/Src/stm32f4xx_hal.c.obj
 .debug_rnglists
                0x0000042c       0x26 CMakeFiles/Display_Driver.dir/Core/Src/main.c.obj
 .debug_rnglists
                0x00000452       0x13 CMakeFiles/Display_Driver.dir/Core/Src/gpio.c.obj
 .debug_rnglists
                0x00000465       0x20 CMakeFiles/Display_Driver.dir/Core/Src/spi.c.obj
 .debug_rnglists
                0x00000485       0x49 CMakeFiles/Display_Driver.dir/Core/Src/stm32f4xx_it.c.obj
 .debug_rnglists
                0x000004ce       0x13 CMakeFiles/Display_Driver.dir/Core/Src/stm32f4xx_hal_msp.c.obj
 .debug_rnglists
                0x000004e1       0x19 CMakeFiles/Display_Driver.dir/startup_stm32f407xx.s.obj
 .debug_rnglists
                0x000004fa       0x5d CMakeFiles/Display_Driver.dir/Code/DMA_Manager/Src/dma_manager.c.obj
 .debug_rnglists
                0x00000557       0x88 CMakeFiles/Display_Driver.dir/Code/ST7789_Manager/Src/st7789_manager.c.obj
 .debug_rnglists
                0x000005df       0x37 CMakeFiles/Display_Driver.dir/Code/ST7789_Manager/Src/st7789_demo.c.obj
 .debug_rnglists
                0x00000616       0x32 CMakeFiles/Display_Driver.dir/Code/SPI1_DMA2_Manager/Src/spi1_dma2_manager.c.obj
 .debug_rnglists
                0x00000648       0x6d /usr/lib/gcc/arm-none-eabi/16.1.0/thumb/v7e-m+fp/hard/libgcc.a(_udivmoddi4.o)
 .debug_rnglists
                0x000006b5       0x13 /usr/lib/gcc/arm-none-eabi/16.1.0/../../../../arm-none-eabi/lib/thumb/v7e-m+fp/hard/libg_nano.a(libc_a-memset.o)
 .debug_rnglists
                0x000006c8       0x13 /usr/lib/gcc/arm-none-eabi/16.1.0/../../../../arm-none-eabi/lib/thumb/v7e-m+fp/hard/libg_nano.a(libc_a-init.o)

.debug_macro    0x00000000    0x1ffb0
 .debug_macro   0x00000000      0x1ba cmake/stm32cubemx/CMakeFiles/STM32_Drivers.dir/__/__/Core/Src/system_stm32f4xx.c.obj
 .debug_macro   0x000001ba      0xaf0 cmake/stm32cubemx/CMakeFiles/STM32_Drivers.dir/__/__/Core/Src/system_stm32f4xx.c.obj
 .debug_macro   0x00000caa       0x2e cmake/stm32cubemx/CMakeFiles/STM32_Drivers.dir/__/__/Core/Src/system_stm32f4xx.c.obj
 .debug_macro   0x00000cd8       0x2f cmake/stm32cubemx/CMakeFiles/STM32_Drivers.dir/__/__/Core/Src/system_stm32f4xx.c.obj
 .debug_macro   0x00000d07       0x22 cmake/stm32cubemx/CMakeFiles/STM32_Drivers.dir/__/__/Core/Src/system_stm32f4xx.c.obj
 .debug_macro   0x00000d29       0x8e cmake/stm32cubemx/CMakeFiles/STM32_Drivers.dir/__/__/Core/Src/system_stm32f4xx.c.obj
 .debug_macro   0x00000db7       0x51 cmake/stm32cubemx/CMakeFiles/STM32_Drivers.dir/__/__/Core/Src/system_stm32f4xx.c.obj
 .debug_macro   0x00000e08      0x103 cmake/stm32cubemx/CMakeFiles/STM32_Drivers.dir/__/__/Core/Src/system_stm32f4xx.c.obj
 .debug_macro   0x00000f0b       0x6a cmake/stm32cubemx/CMakeFiles/STM32_Drivers.dir/__/__/Core/Src/system_stm32f4xx.c.obj
 .debug_macro   0x00000f75      0x1df cmake/stm32cubemx/CMakeFiles/STM32_Drivers.dir/__/__/Core/Src/system_stm32f4xx.c.obj
 .debug_macro   0x00001154       0x1c cmake/stm32cubemx/CMakeFiles/STM32_Drivers.dir/__/__/Core/Src/system_stm32f4xx.c.obj
 .debug_macro   0x00001170       0x22 cmake/stm32cubemx/CMakeFiles/STM32_Drivers.dir/__/__/Core/Src/system_stm32f4xx.c.obj
 .debug_macro   0x00001192       0xfb cmake/stm32cubemx/CMakeFiles/STM32_Drivers.dir/__/__/Core/Src/system_stm32f4xx.c.obj
 .debug_macro   0x0000128d     0x1011 cmake/stm32cubemx/CMakeFiles/STM32_Drivers.dir/__/__/Core/Src/system_stm32f4xx.c.obj
 .debug_macro   0x0000229e      0x11f cmake/stm32cubemx/CMakeFiles/STM32_Drivers.dir/__/__/Core/Src/system_stm32f4xx.c.obj
 .debug_macro   0x000023bd    0x15ea5 cmake/stm32cubemx/CMakeFiles/STM32_Drivers.dir/__/__/Core/Src/system_stm32f4xx.c.obj
 .debug_macro   0x00018262       0x6d cmake/stm32cubemx/CMakeFiles/STM32_Drivers.dir/__/__/Core/Src/system_stm32f4xx.c.obj
 .debug_macro   0x000182cf      0x295 cmake/stm32cubemx/CMakeFiles/STM32_Drivers.dir/__/__/Core/Src/system_stm32f4xx.c.obj
 .debug_macro   0x00018564     0x3693 cmake/stm32cubemx/CMakeFiles/STM32_Drivers.dir/__/__/Core/Src/system_stm32f4xx.c.obj
 .debug_macro   0x0001bbf7      0x190 cmake/stm32cubemx/CMakeFiles/STM32_Drivers.dir/__/__/Core/Src/system_stm32f4xx.c.obj
 .debug_macro   0x0001bd87       0x5c cmake/stm32cubemx/CMakeFiles/STM32_Drivers.dir/__/__/Core/Src/system_stm32f4xx.c.obj
 .debug_macro   0x0001bde3      0x980 cmake/stm32cubemx/CMakeFiles/STM32_Drivers.dir/__/__/Core/Src/system_stm32f4xx.c.obj
 .debug_macro   0x0001c763      0x9e9 cmake/stm32cubemx/CMakeFiles/STM32_Drivers.dir/__/__/Core/Src/system_stm32f4xx.c.obj
 .debug_macro   0x0001d14c      0x115 cmake/stm32cubemx/CMakeFiles/STM32_Drivers.dir/__/__/Core/Src/system_stm32f4xx.c.obj
 .debug_macro   0x0001d261      0x13e cmake/stm32cubemx/CMakeFiles/STM32_Drivers.dir/__/__/Core/Src/system_stm32f4xx.c.obj
 .debug_macro   0x0001d39f       0xa5 cmake/stm32cubemx/CMakeFiles/STM32_Drivers.dir/__/__/Core/Src/system_stm32f4xx.c.obj
 .debug_macro   0x0001d444      0x174 cmake/stm32cubemx/CMakeFiles/STM32_Drivers.dir/__/__/Core/Src/system_stm32f4xx.c.obj
 .debug_macro   0x0001d5b8      0x287 cmake/stm32cubemx/CMakeFiles/STM32_Drivers.dir/__/__/Core/Src/system_stm32f4xx.c.obj
 .debug_macro   0x0001d83f       0x5f cmake/stm32cubemx/CMakeFiles/STM32_Drivers.dir/__/__/Core/Src/system_stm32f4xx.c.obj
 .debug_macro   0x0001d89e      0x236 cmake/stm32cubemx/CMakeFiles/STM32_Drivers.dir/__/__/Core/Src/system_stm32f4xx.c.obj
 .debug_macro   0x0001dad4      0x12c cmake/stm32cubemx/CMakeFiles/STM32_Drivers.dir/__/__/Core/Src/system_stm32f4xx.c.obj
 .debug_macro   0x0001dc00      0x21e cmake/stm32cubemx/CMakeFiles/STM32_Drivers.dir/__/__/Core/Src/system_stm32f4xx.c.obj
 .debug_macro   0x0001de1e       0x2e cmake/stm32cubemx/CMakeFiles/STM32_Drivers.dir/__/__/Core/Src/system_stm32f4xx.c.obj
 .debug_macro   0x0001de4c      0x127 cmake/stm32cubemx/CMakeFiles/STM32_Drivers.dir/__/__/Core/Src/system_stm32f4xx.c.obj
 .debug_macro   0x0001df73       0x7e cmake/stm32cubemx/CMakeFiles/STM32_Drivers.dir/__/__/Core/Src/system_stm32f4xx.c.obj
 .debug_macro   0x0001dff1       0x89 cmake/stm32cubemx/CMakeFiles/STM32_Drivers.dir/__/__/Core/Src/system_stm32f4xx.c.obj
 .debug_macro   0x0001e07a      0x225 cmake/stm32cubemx/CMakeFiles/STM32_Drivers.dir/__/__/Core/Src/system_stm32f4xx.c.obj
 .debug_macro   0x0001e29f      0x12d cmake/stm32cubemx/CMakeFiles/STM32_Drivers.dir/__/__/Core/Src/system_stm32f4xx.c.obj
 .debug_macro   0x0001e3cc      0x1c9 cmake/stm32cubemx/CMakeFiles/STM32_Drivers.dir/__/__/Drivers/STM32F4xx_HAL_Driver/Src/stm32f4xx_hal_spi.c.obj
 .debug_macro   0x0001e595      0x1de cmake/stm32cubemx/CMakeFiles/STM32_Drivers.dir/__/__/Drivers/STM32F4xx_HAL_Driver/Src/stm32f4xx_hal_rcc.c.obj
 .debug_macro   0x0001e773      0x1c0 cmake/stm32cubemx/CMakeFiles/STM32_Drivers.dir/__/__/Drivers/STM32F4xx_HAL_Driver/Src/stm32f4xx_hal_gpio.c.obj
 .debug_macro   0x0001e933      0x1c0 cmake/stm32cubemx/CMakeFiles/STM32_Drivers.dir/__/__/Drivers/STM32F4xx_HAL_Driver/Src/stm32f4xx_hal_dma.c.obj
 .debug_macro   0x0001eaf3      0x1ba cmake/stm32cubemx/CMakeFiles/STM32_Drivers.dir/__/__/Drivers/STM32F4xx_HAL_Driver/Src/stm32f4xx_hal_cortex.c.obj
 .debug_macro   0x0001ecad      0x21a cmake/stm32cubemx/CMakeFiles/STM32_Drivers.dir/__/__/Drivers/STM32F4xx_HAL_Driver/Src/stm32f4xx_hal.c.obj
 .debug_macro   0x0001eec7      0x211 CMakeFiles/Display_Driver.dir/Core/Src/main.c.obj
 .debug_macro   0x0001f0d8       0x40 CMakeFiles/Display_Driver.dir/Core/Src/main.c.obj
 .debug_macro   0x0001f118       0x22 CMakeFiles/Display_Driver.dir/Core/Src/main.c.obj
 .debug_macro   0x0001f13a       0x82 CMakeFiles/Display_Driver.dir/Core/Src/main.c.obj
 .debug_macro   0x0001f1bc      0x1d3 CMakeFiles/Display_Driver.dir/Core/Src/gpio.c.obj
 .debug_macro   0x0001f38f      0x1d3 CMakeFiles/Display_Driver.dir/Core/Src/spi.c.obj
 .debug_macro   0x0001f562      0x1d3 CMakeFiles/Display_Driver.dir/Core/Src/stm32f4xx_it.c.obj
 .debug_macro   0x0001f735      0x1c9 CMakeFiles/Display_Driver.dir/Core/Src/stm32f4xx_hal_msp.c.obj
 .debug_macro   0x0001f8fe       0xeb CMakeFiles/Display_Driver.dir/Code/DMA_Manager/Src/dma_manager.c.obj
 .debug_macro   0x0001f9e9       0x88 CMakeFiles/Display_Driver.dir/Code/DMA_Manager/Src/dma_manager.c.obj
 .debug_macro   0x0001fa71      0x1f9 CMakeFiles/Display_Driver.dir/Code/ST7789_Manager/Src/st7789_manager.c.obj
 .debug_macro   0x0001fc6a      0x274 CMakeFiles/Display_Driver.dir/Code/ST7789_Manager/Src/st7789_demo.c.obj
 .debug_macro   0x0001fede       0xd2 CMakeFiles/Display_Driver.dir/Code/SPI1_DMA2_Manager/Src/spi1_dma2_manager.c.obj

.debug_line     0x00000000     0xa57b
 .debug_line    0x00000000      0x653 cmake/stm32cubemx/CMakeFiles/STM32_Drivers.dir/__/__/Core/Src/system_stm32f4xx.c.obj
 .debug_line    0x00000653     0x1bc0 cmake/stm32cubemx/CMakeFiles/STM32_Drivers.dir/__/__/Drivers/STM32F4xx_HAL_Driver/Src/stm32f4xx_hal_spi.c.obj
 .debug_line    0x00002213      0xd78 cmake/stm32cubemx/CMakeFiles/STM32_Drivers.dir/__/__/Drivers/STM32F4xx_HAL_Driver/Src/stm32f4xx_hal_rcc.c.obj
 .debug_line    0x00002f8b      0xa28 cmake/stm32cubemx/CMakeFiles/STM32_Drivers.dir/__/__/Drivers/STM32F4xx_HAL_Driver/Src/stm32f4xx_hal_gpio.c.obj
 .debug_line    0x000039b3      0xe70 cmake/stm32cubemx/CMakeFiles/STM32_Drivers.dir/__/__/Drivers/STM32F4xx_HAL_Driver/Src/stm32f4xx_hal_dma.c.obj
 .debug_line    0x00004823      0xbad cmake/stm32cubemx/CMakeFiles/STM32_Drivers.dir/__/__/Drivers/STM32F4xx_HAL_Driver/Src/stm32f4xx_hal_cortex.c.obj
 .debug_line    0x000053d0      0x8d2 cmake/stm32cubemx/CMakeFiles/STM32_Drivers.dir/__/__/Drivers/STM32F4xx_HAL_Driver/Src/stm32f4xx_hal.c.obj
 .debug_line    0x00005ca2      0x779 CMakeFiles/Display_Driver.dir/Core/Src/main.c.obj
 .debug_line    0x0000641b      0x5ea CMakeFiles/Display_Driver.dir/Core/Src/gpio.c.obj
 .debug_line    0x00006a05      0x656 CMakeFiles/Display_Driver.dir/Core/Src/spi.c.obj
 .debug_line    0x0000705b      0x6a4 CMakeFiles/Display_Driver.dir/Core/Src/stm32f4xx_it.c.obj
 .debug_line    0x000076ff      0x5dd CMakeFiles/Display_Driver.dir/Core/Src/stm32f4xx_hal_msp.c.obj
 .debug_line    0x00007cdc       0x7a CMakeFiles/Display_Driver.dir/startup_stm32f407xx.s.obj
 .debug_line    0x00007d56      0x731 CMakeFiles/Display_Driver.dir/Code/DMA_Manager/Src/dma_manager.c.obj
 .debug_line    0x00008487      0x9e0 CMakeFiles/Display_Driver.dir/Code/ST7789_Manager/Src/st7789_manager.c.obj
 .debug_line    0x00008e67      0xa41 CMakeFiles/Display_Driver.dir/Code/ST7789_Manager/Src/st7789_demo.c.obj
 .debug_line    0x000098a8      0x4a0 CMakeFiles/Display_Driver.dir/Code/SPI1_DMA2_Manager/Src/spi1_dma2_manager.c.obj
 .debug_line    0x00009d48       0x4e /usr/lib/gcc/arm-none-eabi/16.1.0/thumb/v7e-m+fp/hard/libgcc.a(_aeabi_uldivmod.o)
 .debug_line    0x00009d96      0x556 /usr/lib/gcc/arm-none-eabi/16.1.0/thumb/v7e-m+fp/hard/libgcc.a(_udivmoddi4.o)
 .debug_line    0x0000a2ec       0x4a /usr/lib/gcc/arm-none-eabi/16.1.0/thumb/v7e-m+fp/hard/libgcc.a(_dvmd_tls.o)
 .debug_line    0x0000a336      0x12e /usr/lib/gcc/arm-none-eabi/16.1.0/../../../../arm-none-eabi/lib/thumb/v7e-m+fp/hard/libg_nano.a(libc_a-memset.o)
 .debug_line    0x0000a464      0x117 /usr/lib/gcc/arm-none-eabi/16.1.0/../../../../arm-none-eabi/lib/thumb/v7e-m+fp/hard/libg_nano.a(libc_a-init.o)

.debug_str      0x00000000    0xbfe6d
 .debug_str     0x00000000    0xbfe6d cmake/stm32cubemx/CMakeFiles/STM32_Drivers.dir/__/__/Core/Src/system_stm32f4xx.c.obj
                              0xbc6c0 (size before relaxing)
 .debug_str     0x000bfe6d        0x0 cmake/stm32cubemx/CMakeFiles/STM32_Drivers.dir/__/__/Drivers/STM32F4xx_HAL_Driver/Src/stm32f4xx_hal_spi.c.obj
                              0xbcf7e (size before relaxing)
 .debug_str     0x000bfe6d        0x0 cmake/stm32cubemx/CMakeFiles/STM32_Drivers.dir/__/__/Drivers/STM32F4xx_HAL_Driver/Src/stm32f4xx_hal_rcc.c.obj
                              0xbcaf4 (size before relaxing)
 .debug_str     0x000bfe6d        0x0 cmake/stm32cubemx/CMakeFiles/STM32_Drivers.dir/__/__/Drivers/STM32F4xx_HAL_Driver/Src/stm32f4xx_hal_gpio.c.obj
                              0xbc83b (size before relaxing)
 .debug_str     0x000bfe6d        0x0 cmake/stm32cubemx/CMakeFiles/STM32_Drivers.dir/__/__/Drivers/STM32F4xx_HAL_Driver/Src/stm32f4xx_hal_dma.c.obj
                              0xbcada (size before relaxing)
 .debug_str     0x000bfe6d        0x0 cmake/stm32cubemx/CMakeFiles/STM32_Drivers.dir/__/__/Drivers/STM32F4xx_HAL_Driver/Src/stm32f4xx_hal_cortex.c.obj
                              0xbcfc0 (size before relaxing)
 .debug_str     0x000bfe6d        0x0 cmake/stm32cubemx/CMakeFiles/STM32_Drivers.dir/__/__/Drivers/STM32F4xx_HAL_Driver/Src/stm32f4xx_hal.c.obj
                              0xbd244 (size before relaxing)
 .debug_str     0x000bfe6d        0x0 CMakeFiles/Display_Driver.dir/Core/Src/main.c.obj
                              0xbd06b (size before relaxing)
 .debug_str     0x000bfe6d        0x0 CMakeFiles/Display_Driver.dir/Core/Src/gpio.c.obj
                              0xbc7b4 (size before relaxing)
 .debug_str     0x000bfe6d        0x0 CMakeFiles/Display_Driver.dir/Core/Src/spi.c.obj
                              0xbd174 (size before relaxing)
 .debug_str     0x000bfe6d        0x0 CMakeFiles/Display_Driver.dir/Core/Src/stm32f4xx_it.c.obj
                              0xbcafa (size before relaxing)
 .debug_str     0x000bfe6d        0x0 CMakeFiles/Display_Driver.dir/Core/Src/stm32f4xx_hal_msp.c.obj
                              0xbc6e9 (size before relaxing)
 .debug_str     0x000bfe6d        0x0 CMakeFiles/Display_Driver.dir/startup_stm32f407xx.s.obj
                                 0xa4 (size before relaxing)
 .debug_str     0x000bfe6d        0x0 CMakeFiles/Display_Driver.dir/Code/DMA_Manager/Src/dma_manager.c.obj
                              0x8834c (size before relaxing)
 .debug_str     0x000bfe6d        0x0 CMakeFiles/Display_Driver.dir/Code/ST7789_Manager/Src/st7789_manager.c.obj
                              0xbcc75 (size before relaxing)
 .debug_str     0x000bfe6d        0x0 CMakeFiles/Display_Driver.dir/Code/ST7789_Manager/Src/st7789_demo.c.obj
                              0xbccd7 (size before relaxing)
 .debug_str     0x000bfe6d        0x0 CMakeFiles/Display_Driver.dir/Code/SPI1_DMA2_Manager/Src/spi1_dma2_manager.c.obj
                              0x87fda (size before relaxing)
 .debug_str     0x000bfe6d        0x0 /usr/lib/gcc/arm-none-eabi/16.1.0/thumb/v7e-m+fp/hard/libgcc.a(_aeabi_uldivmod.o)
                                 0x82 (size before relaxing)
 .debug_str     0x000bfe6d        0x0 /usr/lib/gcc/arm-none-eabi/16.1.0/thumb/v7e-m+fp/hard/libgcc.a(_udivmoddi4.o)
                                0x679 (size before relaxing)
 .debug_str     0x000bfe6d        0x0 /usr/lib/gcc/arm-none-eabi/16.1.0/thumb/v7e-m+fp/hard/libgcc.a(_dvmd_tls.o)
                                 0xa2 (size before relaxing)
 .debug_str     0x000bfe6d        0x0 /usr/lib/gcc/arm-none-eabi/16.1.0/../../../../arm-none-eabi/lib/thumb/v7e-m+fp/hard/libg_nano.a(libc_a-memset.o)
                                0x1bf (size before relaxing)
 .debug_str     0x000bfe6d        0x0 /usr/lib/gcc/arm-none-eabi/16.1.0/../../../../arm-none-eabi/lib/thumb/v7e-m+fp/hard/libg_nano.a(libc_a-init.o)
                                0x220 (size before relaxing)

.debug_frame    0x00000000     0x1ff4
 .debug_frame   0x00000000       0x58 cmake/stm32cubemx/CMakeFiles/STM32_Drivers.dir/__/__/Core/Src/system_stm32f4xx.c.obj
 .debug_frame   0x00000058      0x828 cmake/stm32cubemx/CMakeFiles/STM32_Drivers.dir/__/__/Drivers/STM32F4xx_HAL_Driver/Src/stm32f4xx_hal_spi.c.obj
 .debug_frame   0x00000880      0x1f4 cmake/stm32cubemx/CMakeFiles/STM32_Drivers.dir/__/__/Drivers/STM32F4xx_HAL_Driver/Src/stm32f4xx_hal_rcc.c.obj
 .debug_frame   0x00000a74      0x14c cmake/stm32cubemx/CMakeFiles/STM32_Drivers.dir/__/__/Drivers/STM32F4xx_HAL_Driver/Src/stm32f4xx_hal_gpio.c.obj
 .debug_frame   0x00000bc0      0x250 cmake/stm32cubemx/CMakeFiles/STM32_Drivers.dir/__/__/Drivers/STM32F4xx_HAL_Driver/Src/stm32f4xx_hal_dma.c.obj
 .debug_frame   0x00000e10      0x508 cmake/stm32cubemx/CMakeFiles/STM32_Drivers.dir/__/__/Drivers/STM32F4xx_HAL_Driver/Src/stm32f4xx_hal_cortex.c.obj
 .debug_frame   0x00001318      0x374 cmake/stm32cubemx/CMakeFiles/STM32_Drivers.dir/__/__/Drivers/STM32F4xx_HAL_Driver/Src/stm32f4xx_hal.c.obj
 .debug_frame   0x0000168c       0x90 CMakeFiles/Display_Driver.dir/Core/Src/main.c.obj
 .debug_frame   0x0000171c       0x34 CMakeFiles/Display_Driver.dir/Core/Src/gpio.c.obj
 .debug_frame   0x00001750       0x74 CMakeFiles/Display_Driver.dir/Core/Src/spi.c.obj
 .debug_frame   0x000017c4      0x120 CMakeFiles/Display_Driver.dir/Core/Src/stm32f4xx_it.c.obj
 .debug_frame   0x000018e4       0x38 CMakeFiles/Display_Driver.dir/Core/Src/stm32f4xx_hal_msp.c.obj
 .debug_frame   0x0000191c      0x1bc CMakeFiles/Display_Driver.dir/Code/DMA_Manager/Src/dma_manager.c.obj
 .debug_frame   0x00001ad8      0x2a4 CMakeFiles/Display_Driver.dir/Code/ST7789_Manager/Src/st7789_manager.c.obj
 .debug_frame   0x00001d7c      0x100 CMakeFiles/Display_Driver.dir/Code/ST7789_Manager/Src/st7789_demo.c.obj
 .debug_frame   0x00001e7c       0xcc CMakeFiles/Display_Driver.dir/Code/SPI1_DMA2_Manager/Src/spi1_dma2_manager.c.obj
 .debug_frame   0x00001f48       0x2c /usr/lib/gcc/arm-none-eabi/16.1.0/thumb/v7e-m+fp/hard/libgcc.a(_aeabi_uldivmod.o)
 .debug_frame   0x00001f74       0x34 /usr/lib/gcc/arm-none-eabi/16.1.0/thumb/v7e-m+fp/hard/libgcc.a(_udivmoddi4.o)
 .debug_frame   0x00001fa8       0x20 /usr/lib/gcc/arm-none-eabi/16.1.0/../../../../arm-none-eabi/lib/thumb/v7e-m+fp/hard/libg_nano.a(libc_a-memset.o)
 .debug_frame   0x00001fc8       0x2c /usr/lib/gcc/arm-none-eabi/16.1.0/../../../../arm-none-eabi/lib/thumb/v7e-m+fp/hard/libg_nano.a(libc_a-init.o)

.debug_line_str
                0x00000000      0x108
 .debug_line_str
                0x00000000      0x108 CMakeFiles/Display_Driver.dir/startup_stm32f407xx.s.obj
                                 0x88 (size before relaxing)
 .debug_line_str
                0x00000108        0x0 /usr/lib/gcc/arm-none-eabi/16.1.0/thumb/v7e-m+fp/hard/libgcc.a(_aeabi_uldivmod.o)
                                 0x74 (size before relaxing)
 .debug_line_str
                0x00000108        0x0 /usr/lib/gcc/arm-none-eabi/16.1.0/thumb/v7e-m+fp/hard/libgcc.a(_dvmd_tls.o)
                                 0x78 (size before relaxing)

.debug_loclists
                0x00000000      0xa2a
 .debug_loclists
                0x00000000      0x995 /usr/lib/gcc/arm-none-eabi/16.1.0/thumb/v7e-m+fp/hard/libgcc.a(_udivmoddi4.o)
 .debug_loclists
                0x00000995       0x4d /usr/lib/gcc/arm-none-eabi/16.1.0/../../../../arm-none-eabi/lib/thumb/v7e-m+fp/hard/libg_nano.a(libc_a-memset.o)
 .debug_loclists
                0x000009e2       0x48 /usr/lib/gcc/arm-none-eabi/16.1.0/../../../../arm-none-eabi/lib/thumb/v7e-m+fp/hard/libg_nano.a(libc_a-init.o)
